W0915 18:49:50.624000 230689 torch/distributed/run.py:792] 
W0915 18:49:50.624000 230689 torch/distributed/run.py:792] *****************************************
W0915 18:49:50.624000 230689 torch/distributed/run.py:792] Setting OMP_NUM_THREADS environment variable for each process to be 1 in default, to avoid your system being overloaded, please further tune the variable for optimal performance in your application as needed. 
W0915 18:49:50.624000 230689 torch/distributed/run.py:792] *****************************************
wandb: [wandb.login()] Loaded credentials for https://api.wandb.ai from WANDB_API_KEY.
wandb: Currently logged in as: excelpro (excelpro-excelpro) to https://api.wandb.ai. Use `wandb login --relogin` to force relogin
wandb: Tracking run with wandb version 0.30.0
wandb: Run data is saved locally in /root/phi/wandb/run-20260915_184958-kxd3a2zc
wandb: Run `wandb offline` to turn off syncing.
wandb: Syncing run tied-22L512d-b32-r64
wandb: ⭐️ View project at https://wandb.ai/excelpro-excelpro/phic-midtrain
wandb: 🚀 View run at https://wandb.ai/excelpro-excelpro/phic-midtrain/runs/kxd3a2zc
cache2 /root/phi/data_cache_dolmino_7B_shuf.pt: 6.29B tok, switch at step 7269
RESUMED weights from /root/phi/ckpt_tied-22L512d-b32-r64_step40000.pt
P-form training path ON (154 TiedLinears)
[tied-22L512d-b32-r64] params 55.9M | batches 52993
[tied-22L512d-b32-r64] params 55.9M | batches 52993
[tied-22L512d-b32-r64] params 55.9M | batches 52993
[tied-22L512d-b32-r64] params 55.9M | batches 52993
[tied-22L512d-b32-r64] params 55.9M | batches 52993
[tied-22L512d-b32-r64] params 55.9M | batches 52993
[tied-22L512d-b32-r64] params 55.9M | batches 52993
[tied-22L512d-b32-r64] params 55.9M | batches 52993
RESUME GATE: step-0 loss 4.118 vs recorded plateau ~4.125 -> PASS
SANITY OK: step-0 loss 4.12
[tied-22L512d-b32-r64] step     0 loss 4.1176 (86016 tok/s)
[tied-22L512d-b32-r64] step    25 loss 4.0609 (865610 tok/s)
[tied-22L512d-b32-r64] step    50 loss 4.0476 (1053468 tok/s)
[tied-22L512d-b32-r64] step    75 loss 3.9209 (1138947 tok/s)
[tied-22L512d-b32-r64] step   100 loss 3.8374 (1187581 tok/s)
[tied-22L512d-b32-r64] step   125 loss 4.0220 (1218921 tok/s)
[tied-22L512d-b32-r64] step   150 loss 4.0425 (1240705 tok/s)
[tied-22L512d-b32-r64] step   175 loss 4.0487 (1228106 tok/s)
[tied-22L512d-b32-r64] step   200 loss 4.0757 (1214320 tok/s)
[tied-22L512d-b32-r64] step   225 loss 3.6779 (1203808 tok/s)
[tied-22L512d-b32-r64] step   250 loss 4.0345 (1195615 tok/s)
[tied-22L512d-b32-r64] step   275 loss 4.2245 (1188984 tok/s)
[tied-22L512d-b32-r64] step   300 loss 3.9479 (1183577 tok/s)
[tied-22L512d-b32-r64] step   325 loss 4.0539 (1179086 tok/s)
[tied-22L512d-b32-r64] step   350 loss 4.0820 (1174450 tok/s)
[tied-22L512d-b32-r64] step   375 loss 4.2873 (1171255 tok/s)
[tied-22L512d-b32-r64] step   400 loss 4.2202 (1168553 tok/s)
[tied-22L512d-b32-r64] step   425 loss 3.9943 (1166164 tok/s)
[tied-22L512d-b32-r64] step   450 loss 4.0476 (1164064 tok/s)
[tied-22L512d-b32-r64] step   475 loss 3.7834 (1162232 tok/s)
[tied-22L512d-b32-r64] VAL 4.1254
[tied-22L512d-b32-r64] step   500 loss 4.1741 (1159821 tok/s)
[tied-22L512d-b32-r64] step   525 loss 3.9898 (1158389 tok/s)
[tied-22L512d-b32-r64] step   550 loss 4.1966 (1157115 tok/s)
[tied-22L512d-b32-r64] step   575 loss 4.0316 (1155979 tok/s)
[tied-22L512d-b32-r64] step   600 loss 4.0207 (1154961 tok/s)
[tied-22L512d-b32-r64] step   625 loss 4.0585 (1154071 tok/s)
[tied-22L512d-b32-r64] step   650 loss 4.0559 (1153267 tok/s)
[tied-22L512d-b32-r64] step   675 loss 4.1103 (1152539 tok/s)
[tied-22L512d-b32-r64] step   700 loss 4.0351 (1151430 tok/s)
[tied-22L512d-b32-r64] step   725 loss 4.0375 (1150946 tok/s)
[tied-22L512d-b32-r64] step   750 loss 3.7909 (1150501 tok/s)
[tied-22L512d-b32-r64] step   775 loss 4.1698 (1150086 tok/s)
[tied-22L512d-b32-r64] step   800 loss 4.0358 (1149464 tok/s)
[tied-22L512d-b32-r64] step   825 loss 4.0041 (1149082 tok/s)
[tied-22L512d-b32-r64] step   850 loss 3.7705 (1148786 tok/s)
[tied-22L512d-b32-r64] step   875 loss 4.3005 (1148515 tok/s)
[tied-22L512d-b32-r64] step   900 loss 4.1712 (1148298 tok/s)
[tied-22L512d-b32-r64] step   925 loss 4.2176 (1148105 tok/s)
[tied-22L512d-b32-r64] step   950 loss 4.0490 (1147931 tok/s)
[tied-22L512d-b32-r64] step   975 loss 4.1415 (1147761 tok/s)
[tied-22L512d-b32-r64] VAL 4.1394
[tied-22L512d-b32-r64] step  1000 loss 3.9523 (1147231 tok/s)
[tied-22L512d-b32-r64] step  1025 loss 3.9783 (1147110 tok/s)
[tied-22L512d-b32-r64] step  1050 loss 4.0858 (1149316 tok/s)
[tied-22L512d-b32-r64] step  1075 loss 3.9072 (1153443 tok/s)
[tied-22L512d-b32-r64] step  1100 loss 4.0102 (1157331 tok/s)
[tied-22L512d-b32-r64] step  1125 loss 4.0933 (1161073 tok/s)
[tied-22L512d-b32-r64] step  1150 loss 4.1300 (1164682 tok/s)
[tied-22L512d-b32-r64] step  1175 loss 4.0486 (1168157 tok/s)
[tied-22L512d-b32-r64] step  1200 loss 4.0680 (1171507 tok/s)
[tied-22L512d-b32-r64] step  1225 loss 3.9718 (1174738 tok/s)
[tied-22L512d-b32-r64] step  1250 loss 4.1127 (1177853 tok/s)
[tied-22L512d-b32-r64] step  1275 loss 4.2570 (1180622 tok/s)
[tied-22L512d-b32-r64] step  1300 loss 4.1301 (1183682 tok/s)
[tied-22L512d-b32-r64] step  1325 loss 3.9396 (1186642 tok/s)
[tied-22L512d-b32-r64] step  1350 loss 3.9074 (1189507 tok/s)
[tied-22L512d-b32-r64] step  1375 loss 4.0078 (1192282 tok/s)
[tied-22L512d-b32-r64] step  1400 loss 4.0110 (1194973 tok/s)
[tied-22L512d-b32-r64] step  1425 loss 3.9909 (1197580 tok/s)
[tied-22L512d-b32-r64] step  1450 loss 3.9898 (1200110 tok/s)
[tied-22L512d-b32-r64] step  1475 loss 3.9615 (1202560 tok/s)
[tied-22L512d-b32-r64] VAL 4.1222
[tied-22L512d-b32-r64] step  1500 loss 4.0132 (1204708 tok/s)
[tied-22L512d-b32-r64] step  1525 loss 4.0717 (1207021 tok/s)
[tied-22L512d-b32-r64] step  1550 loss 4.0982 (1209262 tok/s)
[tied-22L512d-b32-r64] step  1575 loss 4.9492 (1211443 tok/s)
[tied-22L512d-b32-r64] step  1600 loss 4.1920 (1213372 tok/s)
[tied-22L512d-b32-r64] step  1625 loss 4.4323 (1215438 tok/s)
[tied-22L512d-b32-r64] step  1650 loss 4.1144 (1217447 tok/s)
[tied-22L512d-b32-r64] step  1675 loss 4.0602 (1219403 tok/s)
[tied-22L512d-b32-r64] step  1700 loss 4.0395 (1221307 tok/s)
[tied-22L512d-b32-r64] step  1725 loss 4.1435 (1222889 tok/s)
[tied-22L512d-b32-r64] step  1750 loss 4.1385 (1224701 tok/s)
[tied-22L512d-b32-r64] step  1775 loss 3.9942 (1226466 tok/s)
[tied-22L512d-b32-r64] step  1800 loss 3.9919 (1228187 tok/s)
[tied-22L512d-b32-r64] step  1825 loss 4.0499 (1229866 tok/s)
[tied-22L512d-b32-r64] step  1850 loss 4.0963 (1231503 tok/s)
[tied-22L512d-b32-r64] step  1875 loss 4.0257 (1233100 tok/s)
[tied-22L512d-b32-r64] step  1900 loss 4.0916 (1234659 tok/s)
[tied-22L512d-b32-r64] step  1925 loss 4.0915 (1236181 tok/s)
[tied-22L512d-b32-r64] step  1950 loss 4.1354 (1237668 tok/s)
[tied-22L512d-b32-r64] step  1975 loss 4.2680 (1239121 tok/s)
[tied-22L512d-b32-r64] VAL 4.1198
[tied-22L512d-b32-r64] step  2000 loss 4.0678 (1240362 tok/s)
[tied-22L512d-b32-r64] step  2025 loss 3.9352 (1241753 tok/s)
[tied-22L512d-b32-r64] step  2050 loss 4.0451 (1243111 tok/s)
[tied-22L512d-b32-r64] step  2075 loss 4.1689 (1244442 tok/s)
[tied-22L512d-b32-r64] step  2100 loss 3.9578 (1245742 tok/s)
[tied-22L512d-b32-r64] step  2125 loss 4.1178 (1247014 tok/s)
[tied-22L512d-b32-r64] step  2150 loss 3.8473 (1248260 tok/s)
[tied-22L512d-b32-r64] step  2175 loss 4.1471 (1249480 tok/s)
[tied-22L512d-b32-r64] step  2200 loss 4.2003 (1250452 tok/s)
[tied-22L512d-b32-r64] step  2225 loss 4.0448 (1251620 tok/s)
[tied-22L512d-b32-r64] step  2250 loss 3.6947 (1252766 tok/s)
[tied-22L512d-b32-r64] step  2275 loss 4.1289 (1253891 tok/s)
[tied-22L512d-b32-r64] step  2300 loss 4.0499 (1254993 tok/s)
[tied-22L512d-b32-r64] step  2325 loss 4.0911 (1256074 tok/s)
[tied-22L512d-b32-r64] step  2350 loss 4.1035 (1257133 tok/s)
[tied-22L512d-b32-r64] step  2375 loss 4.0560 (1258173 tok/s)
[tied-22L512d-b32-r64] step  2400 loss 4.0986 (1259194 tok/s)
[tied-22L512d-b32-r64] step  2425 loss 4.0326 (1260194 tok/s)
[tied-22L512d-b32-r64] step  2450 loss 3.9111 (1261176 tok/s)
[tied-22L512d-b32-r64] step  2475 loss 3.9648 (1262139 tok/s)
[tied-22L512d-b32-r64] VAL 4.1091
[tied-22L512d-b32-r64] step  2500 loss 4.0816 (1262934 tok/s)
[tied-22L512d-b32-r64] step  2525 loss 4.0498 (1263771 tok/s)
[tied-22L512d-b32-r64] step  2550 loss 3.5217 (1264682 tok/s)
[tied-22L512d-b32-r64] step  2575 loss 4.1495 (1265578 tok/s)
[tied-22L512d-b32-r64] step  2600 loss 4.1760 (1266456 tok/s)
[tied-22L512d-b32-r64] step  2625 loss 4.0602 (1267320 tok/s)
[tied-22L512d-b32-r64] step  2650 loss 3.7290 (1267992 tok/s)
[tied-22L512d-b32-r64] step  2675 loss 4.0345 (1268828 tok/s)
[tied-22L512d-b32-r64] step  2700 loss 3.9803 (1269648 tok/s)
[tied-22L512d-b32-r64] step  2725 loss 3.8313 (1270455 tok/s)
[tied-22L512d-b32-r64] step  2750 loss 4.1622 (1271250 tok/s)
[tied-22L512d-b32-r64] step  2775 loss 3.8419 (1272029 tok/s)
[tied-22L512d-b32-r64] step  2800 loss 4.0343 (1272797 tok/s)
[tied-22L512d-b32-r64] step  2825 loss 4.1083 (1273552 tok/s)
[tied-22L512d-b32-r64] step  2850 loss 4.1141 (1274296 tok/s)
[tied-22L512d-b32-r64] step  2875 loss 4.0796 (1275026 tok/s)
[tied-22L512d-b32-r64] step  2900 loss 3.9692 (1275743 tok/s)
[tied-22L512d-b32-r64] step  2925 loss 3.8097 (1276449 tok/s)
[tied-22L512d-b32-r64] step  2950 loss 4.0253 (1277144 tok/s)
[tied-22L512d-b32-r64] step  2975 loss 4.0783 (1277828 tok/s)
[tied-22L512d-b32-r64] VAL 4.0784
[tied-22L512d-b32-r64] step  3000 loss 4.1300 (1278376 tok/s)
[tied-22L512d-b32-r64] step  3025 loss 4.0686 (1279041 tok/s)
[tied-22L512d-b32-r64] step  3050 loss 4.1655 (1279696 tok/s)
[tied-22L512d-b32-r64] step  3075 loss 3.9600 (1280341 tok/s)
[tied-22L512d-b32-r64] step  3100 loss 4.0581 (1280975 tok/s)
[tied-22L512d-b32-r64] step  3125 loss 3.9260 (1281473 tok/s)
[tied-22L512d-b32-r64] step  3150 loss 3.4270 (1282088 tok/s)
[tied-22L512d-b32-r64] step  3175 loss 4.1408 (1282696 tok/s)
[tied-22L512d-b32-r64] step  3200 loss 4.0128 (1283296 tok/s)
[tied-22L512d-b32-r64] step  3225 loss 4.2152 (1283887 tok/s)
[tied-22L512d-b32-r64] step  3250 loss 4.0966 (1284468 tok/s)
[tied-22L512d-b32-r64] step  3275 loss 3.9115 (1285042 tok/s)
[tied-22L512d-b32-r64] step  3300 loss 4.0109 (1285606 tok/s)
[tied-22L512d-b32-r64] step  3325 loss 4.0427 (1286164 tok/s)
[tied-22L512d-b32-r64] step  3350 loss 3.9759 (1286714 tok/s)
[tied-22L512d-b32-r64] step  3375 loss 3.9694 (1287256 tok/s)
[tied-22L512d-b32-r64] step  3400 loss 4.0061 (1287791 tok/s)
[tied-22L512d-b32-r64] step  3425 loss 3.9787 (1288218 tok/s)
[tied-22L512d-b32-r64] step  3450 loss 4.1222 (1288738 tok/s)
[tied-22L512d-b32-r64] step  3475 loss 3.8805 (1289250 tok/s)
[tied-22L512d-b32-r64] VAL 4.0590
[tied-22L512d-b32-r64] step  3500 loss 4.2990 (1289645 tok/s)
[tied-22L512d-b32-r64] step  3525 loss 4.0035 (1290145 tok/s)
[tied-22L512d-b32-r64] step  3550 loss 4.0336 (1290638 tok/s)
[tied-22L512d-b32-r64] step  3575 loss 3.7817 (1290996 tok/s)
[tied-22L512d-b32-r64] step  3600 loss 4.0347 (1291476 tok/s)
[tied-22L512d-b32-r64] step  3625 loss 3.9050 (1291950 tok/s)
[tied-22L512d-b32-r64] step  3650 loss 3.9359 (1292417 tok/s)
[tied-22L512d-b32-r64] step  3675 loss 4.1403 (1292881 tok/s)
[tied-22L512d-b32-r64] step  3700 loss 4.0741 (1293336 tok/s)
[tied-22L512d-b32-r64] step  3725 loss 4.1344 (1293787 tok/s)
[tied-22L512d-b32-r64] step  3750 loss 4.0837 (1294232 tok/s)
[tied-22L512d-b32-r64] step  3775 loss 3.9830 (1294671 tok/s)
[tied-22L512d-b32-r64] step  3800 loss 4.1554 (1295106 tok/s)
[tied-22L512d-b32-r64] step  3825 loss 3.9264 (1295534 tok/s)
[tied-22L512d-b32-r64] step  3850 loss 3.6686 (1295958 tok/s)
[tied-22L512d-b32-r64] step  3875 loss 4.0850 (1296377 tok/s)
[tied-22L512d-b32-r64] step  3900 loss 3.8993 (1296790 tok/s)
[tied-22L512d-b32-r64] step  3925 loss 4.1340 (1297199 tok/s)
[tied-22L512d-b32-r64] step  3950 loss 4.1002 (1297601 tok/s)
[tied-22L512d-b32-r64] step  3975 loss 4.0865 (1297999 tok/s)
[tied-22L512d-b32-r64] VAL 4.0516
[tied-22L512d-b32-r64] step  4000 loss 4.1130 (1298294 tok/s)
[tied-22L512d-b32-r64] step  4025 loss 3.9899 (1298686 tok/s)
[tied-22L512d-b32-r64] step  4050 loss 4.2892 (1298949 tok/s)
[tied-22L512d-b32-r64] step  4075 loss 3.9272 (1299330 tok/s)
[tied-22L512d-b32-r64] step  4100 loss 3.8812 (1299707 tok/s)
[tied-22L512d-b32-r64] step  4125 loss 3.9357 (1300080 tok/s)
[tied-22L512d-b32-r64] step  4150 loss 4.0294 (1300448 tok/s)
[tied-22L512d-b32-r64] step  4175 loss 3.9231 (1300812 tok/s)
[tied-22L512d-b32-r64] step  4200 loss 3.9240 (1301172 tok/s)
[tied-22L512d-b32-r64] step  4225 loss 4.1850 (1301527 tok/s)
[tied-22L512d-b32-r64] step  4250 loss 3.9244 (1301879 tok/s)
[tied-22L512d-b32-r64] step  4275 loss 3.8763 (1302226 tok/s)
[tied-22L512d-b32-r64] step  4300 loss 3.9834 (1302569 tok/s)
[tied-22L512d-b32-r64] step  4325 loss 3.9145 (1302821 tok/s)
[tied-22L512d-b32-r64] step  4350 loss 3.9693 (1303157 tok/s)
[tied-22L512d-b32-r64] step  4375 loss 3.9223 (1303491 tok/s)
[tied-22L512d-b32-r64] step  4400 loss 4.1194 (1303820 tok/s)
[tied-22L512d-b32-r64] step  4425 loss 3.9508 (1304147 tok/s)
[tied-22L512d-b32-r64] step  4450 loss 3.8920 (1304469 tok/s)
[tied-22L512d-b32-r64] step  4475 loss 4.0956 (1304787 tok/s)
[tied-22L512d-b32-r64] VAL 4.0089
[tied-22L512d-b32-r64] step  4500 loss 4.0710 (1304911 tok/s)
[tied-22L512d-b32-r64] step  4525 loss 4.0664 (1305225 tok/s)
[tied-22L512d-b32-r64] step  4550 loss 3.9346 (1305535 tok/s)
[tied-22L512d-b32-r64] step  4575 loss 3.8754 (1305841 tok/s)
[tied-22L512d-b32-r64] step  4600 loss 4.0380 (1306144 tok/s)
[tied-22L512d-b32-r64] step  4625 loss 3.9152 (1306444 tok/s)
[tied-22L512d-b32-r64] step  4650 loss 3.9143 (1306741 tok/s)
[tied-22L512d-b32-r64] step  4675 loss 4.0289 (1307034 tok/s)
[tied-22L512d-b32-r64] step  4700 loss 3.9369 (1307325 tok/s)
[tied-22L512d-b32-r64] step  4725 loss 3.9317 (1307613 tok/s)
[tied-22L512d-b32-r64] step  4750 loss 3.9712 (1307899 tok/s)
[tied-22L512d-b32-r64] step  4775 loss 3.9889 (1308182 tok/s)
[tied-22L512d-b32-r64] step  4800 loss 3.8689 (1308461 tok/s)
[tied-22L512d-b32-r64] step  4825 loss 3.9134 (1308738 tok/s)
[tied-22L512d-b32-r64] step  4850 loss 4.1404 (1309012 tok/s)
[tied-22L512d-b32-r64] step  4875 loss 3.8750 (1309283 tok/s)
[tied-22L512d-b32-r64] step  4900 loss 4.0630 (1309552 tok/s)
[tied-22L512d-b32-r64] step  4925 loss 3.8959 (1309819 tok/s)
[tied-22L512d-b32-r64] step  4950 loss 4.1134 (1310083 tok/s)
[tied-22L512d-b32-r64] step  4975 loss 4.0042 (1310261 tok/s)
[tied-22L512d-b32-r64] VAL 3.9779
[tied-22L512d-b32-r64] step  5000 loss 3.8955 (1310329 tok/s)
[tied-22L512d-b32-r64] step  5025 loss 4.0242 (1310588 tok/s)
[tied-22L512d-b32-r64] step  5050 loss 3.9166 (1310844 tok/s)
[tied-22L512d-b32-r64] step  5075 loss 3.8894 (1311098 tok/s)
[tied-22L512d-b32-r64] step  5100 loss 3.8199 (1311266 tok/s)
[tied-22L512d-b32-r64] step  5125 loss 3.7226 (1311514 tok/s)
[tied-22L512d-b32-r64] step  5150 loss 4.0816 (1311759 tok/s)
[tied-22L512d-b32-r64] step  5175 loss 3.8734 (1312001 tok/s)
[tied-22L512d-b32-r64] step  5200 loss 4.2946 (1312243 tok/s)
[tied-22L512d-b32-r64] step  5225 loss 3.7998 (1312482 tok/s)
[tied-22L512d-b32-r64] step  5250 loss 3.9056 (1312718 tok/s)
[tied-22L512d-b32-r64] step  5275 loss 3.9746 (1312955 tok/s)
[tied-22L512d-b32-r64] step  5300 loss 3.8526 (1313188 tok/s)
[tied-22L512d-b32-r64] step  5325 loss 4.1305 (1313418 tok/s)
[tied-22L512d-b32-r64] step  5350 loss 4.0849 (1313648 tok/s)
[tied-22L512d-b32-r64] step  5375 loss 4.0164 (1313872 tok/s)
[tied-22L512d-b32-r64] step  5400 loss 3.9912 (1314097 tok/s)
[tied-22L512d-b32-r64] step  5425 loss 3.6725 (1314242 tok/s)
[tied-22L512d-b32-r64] step  5450 loss 3.8381 (1314462 tok/s)
[tied-22L512d-b32-r64] step  5475 loss 3.9471 (1314681 tok/s)
[tied-22L512d-b32-r64] VAL 3.9520
[tied-22L512d-b32-r64] step  5500 loss 3.8571 (1314826 tok/s)
[tied-22L512d-b32-r64] step  5525 loss 3.8640 (1315042 tok/s)
[tied-22L512d-b32-r64] step  5550 loss 3.7935 (1315256 tok/s)
[tied-22L512d-b32-r64] step  5575 loss 3.8402 (1315408 tok/s)
[tied-22L512d-b32-r64] step  5600 loss 3.7805 (1315618 tok/s)
[tied-22L512d-b32-r64] step  5625 loss 3.8613 (1315827 tok/s)
[tied-22L512d-b32-r64] step  5650 loss 3.8837 (1316033 tok/s)
[tied-22L512d-b32-r64] step  5675 loss 3.7289 (1316238 tok/s)
[tied-22L512d-b32-r64] step  5700 loss 3.9419 (1316441 tok/s)
[tied-22L512d-b32-r64] step  5725 loss 3.8344 (1316643 tok/s)
[tied-22L512d-b32-r64] step  5750 loss 4.0150 (1316843 tok/s)
[tied-22L512d-b32-r64] step  5775 loss 3.2809 (1317041 tok/s)
[tied-22L512d-b32-r64] step  5800 loss 3.9541 (1317237 tok/s)
[tied-22L512d-b32-r64] step  5825 loss 3.8615 (1317432 tok/s)
[tied-22L512d-b32-r64] step  5850 loss 4.0191 (1317625 tok/s)
[tied-22L512d-b32-r64] step  5875 loss 3.6385 (1317817 tok/s)
[tied-22L512d-b32-r64] step  5900 loss 4.1144 (1317935 tok/s)
[tied-22L512d-b32-r64] step  5925 loss 3.8281 (1318124 tok/s)
[tied-22L512d-b32-r64] step  5950 loss 3.9481 (1318311 tok/s)
[tied-22L512d-b32-r64] step  5975 loss 3.7777 (1318497 tok/s)
[tied-22L512d-b32-r64] VAL 3.9447
[tied-22L512d-b32-r64] step  6000 loss 4.0365 (1318614 tok/s)
[tied-22L512d-b32-r64] step  6025 loss 3.8011 (1318745 tok/s)
[tied-22L512d-b32-r64] step  6050 loss 4.0362 (1318927 tok/s)
[tied-22L512d-b32-r64] step  6075 loss 3.8135 (1319107 tok/s)
[tied-22L512d-b32-r64] step  6100 loss 3.8445 (1319285 tok/s)
[tied-22L512d-b32-r64] step  6125 loss 3.8683 (1319463 tok/s)
[tied-22L512d-b32-r64] step  6150 loss 3.6070 (1319640 tok/s)
[tied-22L512d-b32-r64] step  6175 loss 3.8862 (1319815 tok/s)
[tied-22L512d-b32-r64] step  6200 loss 3.6770 (1319990 tok/s)
[tied-22L512d-b32-r64] step  6225 loss 4.0409 (1320162 tok/s)
[tied-22L512d-b32-r64] step  6250 loss 3.8179 (1320333 tok/s)
[tied-22L512d-b32-r64] step  6275 loss 3.8549 (1320503 tok/s)
[tied-22L512d-b32-r64] step  6300 loss 3.9723 (1320671 tok/s)
[tied-22L512d-b32-r64] step  6325 loss 3.8854 (1320838 tok/s)
[tied-22L512d-b32-r64] step  6350 loss 3.9882 (1320922 tok/s)
[tied-22L512d-b32-r64] step  6375 loss 3.8739 (1321086 tok/s)
[tied-22L512d-b32-r64] step  6400 loss 3.8377 (1321250 tok/s)
[tied-22L512d-b32-r64] step  6425 loss 3.9956 (1321412 tok/s)
[tied-22L512d-b32-r64] step  6450 loss 4.0127 (1321574 tok/s)
[tied-22L512d-b32-r64] step  6475 loss 4.1078 (1321147 tok/s)
[tied-22L512d-b32-r64] VAL 3.9363
[tied-22L512d-b32-r64] step  6500 loss 3.8403 (1320214 tok/s)
[tied-22L512d-b32-r64] step  6525 loss 3.9481 (1319378 tok/s)
[tied-22L512d-b32-r64] step  6550 loss 3.8866 (1317778 tok/s)
[tied-22L512d-b32-r64] step  6575 loss 3.8874 (1315718 tok/s)
[tied-22L512d-b32-r64] step  6600 loss 3.9343 (1313682 tok/s)
[tied-22L512d-b32-r64] step  6625 loss 3.8606 (1311863 tok/s)
[tied-22L512d-b32-r64] step  6650 loss 3.9141 (1309856 tok/s)
[tied-22L512d-b32-r64] step  6675 loss 3.8150 (1307896 tok/s)
[tied-22L512d-b32-r64] step  6700 loss 3.7216 (1305919 tok/s)
[tied-22L512d-b32-r64] step  6725 loss 3.6216 (1304559 tok/s)
[tied-22L512d-b32-r64] step  6750 loss 3.7014 (1303878 tok/s)
[tied-22L512d-b32-r64] step  6775 loss 4.0174 (1303207 tok/s)
[tied-22L512d-b32-r64] step  6800 loss 3.9520 (1302542 tok/s)
[tied-22L512d-b32-r64] step  6825 loss 3.8282 (1301830 tok/s)
[tied-22L512d-b32-r64] step  6850 loss 3.9758 (1301181 tok/s)
[tied-22L512d-b32-r64] step  6875 loss 3.9168 (1300538 tok/s)
[tied-22L512d-b32-r64] step  6900 loss 4.1147 (1299901 tok/s)
[tied-22L512d-b32-r64] step  6925 loss 3.9998 (1299249 tok/s)
[tied-22L512d-b32-r64] step  6950 loss 3.5545 (1297442 tok/s)
[tied-22L512d-b32-r64] step  6975 loss 3.8886 (1295690 tok/s)
[tied-22L512d-b32-r64] VAL 3.9311
[tied-22L512d-b32-r64] step  7000 loss 3.8945 (1293971 tok/s)
[tied-22L512d-b32-r64] step  7025 loss 3.7500 (1292530 tok/s)
[tied-22L512d-b32-r64] step  7050 loss 3.8795 (1290886 tok/s)
[tied-22L512d-b32-r64] step  7075 loss 3.8665 (1290461 tok/s)
[tied-22L512d-b32-r64] step  7100 loss 3.9841 (1290645 tok/s)
[tied-22L512d-b32-r64] step  7125 loss 4.0773 (1289447 tok/s)
[tied-22L512d-b32-r64] step  7150 loss 3.8767 (1287712 tok/s)
[tied-22L512d-b32-r64] step  7175 loss 4.0117 (1286002 tok/s)
[tied-22L512d-b32-r64] step  7200 loss 3.9020 (1284560 tok/s)
[tied-22L512d-b32-r64] step  7225 loss 3.9026 (1282882 tok/s)
[tied-22L512d-b32-r64] step  7250 loss 4.0096 (1281239 tok/s)
[tied-22L512d-b32-r64] step  7275 loss 3.7861 (1279568 tok/s)
[tied-22L512d-b32-r64] step  7300 loss 3.8929 (1277953 tok/s)
[tied-22L512d-b32-r64] step  7325 loss 3.7578 (1277166 tok/s)
[tied-22L512d-b32-r64] step  7350 loss 3.7722 (1277448 tok/s)
[tied-22L512d-b32-r64] step  7375 loss 3.7581 (1277718 tok/s)
[tied-22L512d-b32-r64] step  7400 loss 3.8077 (1277553 tok/s)
[tied-22L512d-b32-r64] step  7425 loss 3.8652 (1275911 tok/s)
[tied-22L512d-b32-r64] step  7450 loss 3.7883 (1274517 tok/s)
[tied-22L512d-b32-r64] step  7475 loss 3.8109 (1274797 tok/s)
[tied-22L512d-b32-r64] VAL 3.9467
[tied-22L512d-b32-r64] step  7500 loss 3.8120 (1275028 tok/s)
[tied-22L512d-b32-r64] step  7525 loss 3.8526 (1275306 tok/s)
[tied-22L512d-b32-r64] step  7550 loss 3.8817 (1275581 tok/s)
[tied-22L512d-b32-r64] step  7575 loss 3.8190 (1275854 tok/s)
[tied-22L512d-b32-r64] step  7600 loss 3.8357 (1276126 tok/s)
[tied-22L512d-b32-r64] step  7625 loss 3.8092 (1276395 tok/s)
[tied-22L512d-b32-r64] step  7650 loss 3.7611 (1276664 tok/s)
[tied-22L512d-b32-r64] step  7675 loss 3.7463 (1276931 tok/s)
[tied-22L512d-b32-r64] step  7700 loss 3.7762 (1277196 tok/s)
[tied-22L512d-b32-r64] step  7725 loss 3.6536 (1277460 tok/s)
[tied-22L512d-b32-r64] step  7750 loss 3.8505 (1277660 tok/s)
[tied-22L512d-b32-r64] step  7775 loss 3.7387 (1277921 tok/s)
[tied-22L512d-b32-r64] step  7800 loss 3.8192 (1278179 tok/s)
[tied-22L512d-b32-r64] step  7825 loss 3.7348 (1278405 tok/s)
[tied-22L512d-b32-r64] step  7850 loss 3.7402 (1278454 tok/s)
[tied-22L512d-b32-r64] step  7875 loss 3.6877 (1278609 tok/s)
[tied-22L512d-b32-r64] step  7900 loss 3.8304 (1278863 tok/s)
[tied-22L512d-b32-r64] step  7925 loss 3.8640 (1279116 tok/s)
[tied-22L512d-b32-r64] step  7950 loss 3.6642 (1279367 tok/s)
[tied-22L512d-b32-r64] step  7975 loss 3.6821 (1279618 tok/s)
[tied-22L512d-b32-r64] VAL 3.9460
[tied-22L512d-b32-r64] step  8000 loss 3.8100 (1279818 tok/s)
[tied-22L512d-b32-r64] step  8025 loss 3.7189 (1280065 tok/s)
[tied-22L512d-b32-r64] step  8050 loss 3.7870 (1280310 tok/s)
[tied-22L512d-b32-r64] step  8075 loss 3.8116 (1280555 tok/s)
[tied-22L512d-b32-r64] step  8100 loss 3.6983 (1280798 tok/s)
[tied-22L512d-b32-r64] step  8125 loss 3.6615 (1281040 tok/s)
[tied-22L512d-b32-r64] step  8150 loss 3.7135 (1281280 tok/s)
[tied-22L512d-b32-r64] step  8175 loss 3.6955 (1281519 tok/s)
[tied-22L512d-b32-r64] step  8200 loss 3.7601 (1281697 tok/s)
[tied-22L512d-b32-r64] step  8225 loss 3.6257 (1281934 tok/s)
[tied-22L512d-b32-r64] step  8250 loss 3.6307 (1282169 tok/s)
[tied-22L512d-b32-r64] step  8275 loss 3.7040 (1282402 tok/s)
[tied-22L512d-b32-r64] step  8300 loss 3.7810 (1282634 tok/s)
[tied-22L512d-b32-r64] step  8325 loss 3.7777 (1282864 tok/s)
[tied-22L512d-b32-r64] step  8350 loss 3.7751 (1283006 tok/s)
[tied-22L512d-b32-r64] step  8375 loss 3.4725 (1282727 tok/s)
[tied-22L512d-b32-r64] step  8400 loss 3.6484 (1281974 tok/s)
[tied-22L512d-b32-r64] step  8425 loss 3.6748 (1282207 tok/s)
[tied-22L512d-b32-r64] step  8450 loss 3.7733 (1282428 tok/s)
[tied-22L512d-b32-r64] step  8475 loss 3.8004 (1282514 tok/s)
[tied-22L512d-b32-r64] VAL 3.9406
[tied-22L512d-b32-r64] step  8500 loss 3.7243 (1282183 tok/s)
[tied-22L512d-b32-r64] step  8525 loss 4.0147 (1282408 tok/s)
[tied-22L512d-b32-r64] step  8550 loss 3.7763 (1282633 tok/s)
[tied-22L512d-b32-r64] step  8575 loss 3.7154 (1282856 tok/s)
[tied-22L512d-b32-r64] step  8600 loss 3.8175 (1283078 tok/s)
[tied-22L512d-b32-r64] step  8625 loss 3.5895 (1283299 tok/s)
[tied-22L512d-b32-r64] step  8650 loss 3.7691 (1283519 tok/s)
[tied-22L512d-b32-r64] step  8675 loss 3.6760 (1283647 tok/s)
[tied-22L512d-b32-r64] step  8700 loss 3.6900 (1283865 tok/s)
[tied-22L512d-b32-r64] step  8725 loss 3.6534 (1284081 tok/s)
[tied-22L512d-b32-r64] step  8750 loss 3.8841 (1284296 tok/s)
[tied-22L512d-b32-r64] step  8775 loss 3.8586 (1284510 tok/s)
[tied-22L512d-b32-r64] step  8800 loss 3.6932 (1284672 tok/s)
[tied-22L512d-b32-r64] step  8825 loss 3.8369 (1284883 tok/s)
[tied-22L512d-b32-r64] step  8850 loss 3.6567 (1284770 tok/s)
[tied-22L512d-b32-r64] step  8875 loss 3.7452 (1284981 tok/s)
[tied-22L512d-b32-r64] step  8900 loss 3.7470 (1285190 tok/s)
[tied-22L512d-b32-r64] step  8925 loss 3.6982 (1285396 tok/s)
[tied-22L512d-b32-r64] step  8950 loss 3.7523 (1285603 tok/s)
[tied-22L512d-b32-r64] step  8975 loss 3.6429 (1285808 tok/s)
[tied-22L512d-b32-r64] VAL 3.9288
[tied-22L512d-b32-r64] step  9000 loss 3.7812 (1285967 tok/s)
[tied-22L512d-b32-r64] step  9025 loss 3.8130 (1285976 tok/s)
[tied-22L512d-b32-r64] step  9050 loss 3.8307 (1286180 tok/s)
[tied-22L512d-b32-r64] step  9075 loss 3.9851 (1286382 tok/s)
[tied-22L512d-b32-r64] step  9100 loss 3.6932 (1286583 tok/s)
[tied-22L512d-b32-r64] step  9125 loss 3.7996 (1286718 tok/s)
[tied-22L512d-b32-r64] step  9150 loss 3.7501 (1286918 tok/s)
[tied-22L512d-b32-r64] step  9175 loss 3.7714 (1287116 tok/s)
[tied-22L512d-b32-r64] step  9200 loss 3.7320 (1287312 tok/s)
[tied-22L512d-b32-r64] step  9225 loss 3.7965 (1287491 tok/s)
[tied-22L512d-b32-r64] step  9250 loss 3.7559 (1287662 tok/s)
[tied-22L512d-b32-r64] step  9275 loss 3.5755 (1287786 tok/s)
[tied-22L512d-b32-r64] step  9300 loss 3.6463 (1287951 tok/s)
[tied-22L512d-b32-r64] step  9325 loss 3.8472 (1288123 tok/s)
[tied-22L512d-b32-r64] step  9350 loss 3.7302 (1287614 tok/s)
[tied-22L512d-b32-r64] step  9375 loss 3.6630 (1287110 tok/s)
[tied-22L512d-b32-r64] step  9400 loss 3.6233 (1286611 tok/s)
[tied-22L512d-b32-r64] step  9425 loss 3.7571 (1286117 tok/s)
[tied-22L512d-b32-r64] step  9450 loss 3.7227 (1285628 tok/s)
[tied-22L512d-b32-r64] step  9475 loss 3.7175 (1285143 tok/s)
[tied-22L512d-b32-r64] VAL 3.9242
[tied-22L512d-b32-r64] step  9500 loss 3.7673 (1284529 tok/s)
[tied-22L512d-b32-r64] step  9525 loss 3.6855 (1283976 tok/s)
[tied-22L512d-b32-r64] step  9550 loss 3.6847 (1283506 tok/s)
[tied-22L512d-b32-r64] step  9575 loss 3.7099 (1283044 tok/s)
[tied-22L512d-b32-r64] step  9600 loss 3.7124 (1282545 tok/s)
[tied-22L512d-b32-r64] step  9625 loss 3.7901 (1282091 tok/s)
[tied-22L512d-b32-r64] step  9650 loss 3.7227 (1281644 tok/s)
[tied-22L512d-b32-r64] step  9675 loss 3.7401 (1281204 tok/s)
[tied-22L512d-b32-r64] step  9700 loss 3.7510 (1280767 tok/s)
[tied-22L512d-b32-r64] step  9725 loss 3.6138 (1280316 tok/s)
[tied-22L512d-b32-r64] step  9750 loss 3.7779 (1279890 tok/s)
[tied-22L512d-b32-r64] step  9775 loss 3.6304 (1279468 tok/s)
[tied-22L512d-b32-r64] step  9800 loss 3.6361 (1279051 tok/s)
[tied-22L512d-b32-r64] step  9825 loss 3.8393 (1278638 tok/s)
[tied-22L512d-b32-r64] step  9850 loss 3.6825 (1278230 tok/s)
[tied-22L512d-b32-r64] step  9875 loss 3.5753 (1277828 tok/s)
[tied-22L512d-b32-r64] step  9900 loss 3.7467 (1277434 tok/s)
[tied-22L512d-b32-r64] step  9925 loss 3.7178 (1277047 tok/s)
[tied-22L512d-b32-r64] step  9950 loss 3.6650 (1276668 tok/s)
[tied-22L512d-b32-r64] step  9975 loss 3.6037 (1276293 tok/s)
[tied-22L512d-b32-r64] VAL 3.9251
[tied-22L512d-b32-r64] step 10000 loss 3.5965 (1275847 tok/s)
[tied-22L512d-b32-r64] step 10025 loss 3.7607 (1275486 tok/s)
[tied-22L512d-b32-r64] step 10050 loss 3.7303 (1275086 tok/s)
[tied-22L512d-b32-r64] step 10075 loss 3.7103 (1274726 tok/s)
[tied-22L512d-b32-r64] step 10100 loss 3.7613 (1274369 tok/s)
[tied-22L512d-b32-r64] step 10125 loss 3.7591 (1274017 tok/s)
[tied-22L512d-b32-r64] step 10150 loss 3.7271 (1273670 tok/s)
[tied-22L512d-b32-r64] step 10175 loss 3.6972 (1273328 tok/s)
[tied-22L512d-b32-r64] step 10200 loss 3.6911 (1272994 tok/s)
[tied-22L512d-b32-r64] step 10225 loss 3.6370 (1272986 tok/s)
[tied-22L512d-b32-r64] step 10250 loss 3.6759 (1273192 tok/s)
[tied-22L512d-b32-r64] step 10275 loss 3.6156 (1273401 tok/s)
[tied-22L512d-b32-r64] step 10300 loss 3.8593 (1273608 tok/s)
[tied-22L512d-b32-r64] step 10325 loss 3.8464 (1273782 tok/s)
[tied-22L512d-b32-r64] step 10350 loss 3.8011 (1273988 tok/s)
[tied-22L512d-b32-r64] step 10375 loss 3.7533 (1274192 tok/s)
[tied-22L512d-b32-r64] step 10400 loss 3.7873 (1274396 tok/s)
[tied-22L512d-b32-r64] step 10425 loss 3.7500 (1274598 tok/s)
[tied-22L512d-b32-r64] step 10450 loss 3.5691 (1274799 tok/s)
[tied-22L512d-b32-r64] step 10475 loss 3.6346 (1275001 tok/s)
[tied-22L512d-b32-r64] VAL 3.9249
[tied-22L512d-b32-r64] step 10500 loss 3.8551 (1275164 tok/s)
[tied-22L512d-b32-r64] step 10525 loss 3.6800 (1275311 tok/s)
[tied-22L512d-b32-r64] step 10550 loss 3.5823 (1275509 tok/s)
[tied-22L512d-b32-r64] step 10575 loss 3.7106 (1275707 tok/s)
[tied-22L512d-b32-r64] step 10600 loss 3.6794 (1275903 tok/s)
[tied-22L512d-b32-r64] step 10625 loss 3.7009 (1276100 tok/s)
[tied-22L512d-b32-r64] step 10650 loss 3.7706 (1276295 tok/s)
[tied-22L512d-b32-r64] step 10675 loss 3.4595 (1276489 tok/s)
[tied-22L512d-b32-r64] step 10700 loss 3.6660 (1276683 tok/s)
[tied-22L512d-b32-r64] step 10725 loss 3.7908 (1276872 tok/s)
[tied-22L512d-b32-r64] step 10750 loss 3.7294 (1277065 tok/s)
[tied-22L512d-b32-r64] step 10775 loss 3.5596 (1277256 tok/s)
[tied-22L512d-b32-r64] step 10800 loss 3.4978 (1277446 tok/s)
[tied-22L512d-b32-r64] step 10825 loss 3.7154 (1277636 tok/s)
[tied-22L512d-b32-r64] step 10850 loss 3.4646 (1277825 tok/s)
[tied-22L512d-b32-r64] step 10875 loss 3.7685 (1278013 tok/s)
[tied-22L512d-b32-r64] step 10900 loss 3.6374 (1278201 tok/s)
[tied-22L512d-b32-r64] step 10925 loss 3.6805 (1278387 tok/s)
[tied-22L512d-b32-r64] step 10950 loss 3.6573 (1278572 tok/s)
[tied-22L512d-b32-r64] step 10975 loss 3.8235 (1278713 tok/s)
[tied-22L512d-b32-r64] VAL 3.9198
[tied-22L512d-b32-r64] step 11000 loss 3.5755 (1278862 tok/s)
[tied-22L512d-b32-r64] step 11025 loss 3.9350 (1279047 tok/s)
[tied-22L512d-b32-r64] step 11050 loss 3.6827 (1279230 tok/s)
[tied-22L512d-b32-r64] step 11075 loss 3.6376 (1279412 tok/s)
[tied-22L512d-b32-r64] step 11100 loss 3.6504 (1279593 tok/s)
[tied-22L512d-b32-r64] step 11125 loss 3.6447 (1279774 tok/s)
[tied-22L512d-b32-r64] step 11150 loss 3.7511 (1279953 tok/s)
[tied-22L512d-b32-r64] step 11175 loss 3.7075 (1280132 tok/s)
W0915 20:06:29.308000 230689 torch/distributed/elastic/agent/server/api.py:719] Received 15 death signal, shutting down workers
W0915 20:06:29.310000 230689 torch/distributed/elastic/multiprocessing/api.py:897] Sending process 230754 closing signal SIGTERM
W0915 20:06:29.313000 230689 torch/distributed/elastic/multiprocessing/api.py:897] Sending process 230755 closing signal SIGTERM
W0915 20:06:29.316000 230689 torch/distributed/elastic/multiprocessing/api.py:897] Sending process 230756 closing signal SIGTERM
W0915 20:06:29.317000 230689 torch/distributed/elastic/multiprocessing/api.py:897] Sending process 230757 closing signal SIGTERM
W0915 20:06:29.319000 230689 torch/distributed/elastic/multiprocessing/api.py:897] Sending process 230758 closing signal SIGTERM
W0915 20:06:29.320000 230689 torch/distributed/elastic/multiprocessing/api.py:897] Sending process 230759 closing signal SIGTERM
W0915 20:06:29.321000 230689 torch/distributed/elastic/multiprocessing/api.py:897] Sending process 230760 closing signal SIGTERM
W0915 20:06:29.323000 230689 torch/distributed/elastic/multiprocessing/api.py:897] Sending process 230761 closing signal SIGTERM
W0915 20:06:29.393000 230689 torch/distributed/elastic/multiprocessing/api.py:897] Sending process 230754 closing signal SIGTERM
W0915 20:06:29.394000 230689 torch/distributed/elastic/multiprocessing/api.py:897] Sending process 230755 closing signal SIGTERM
W0915 20:06:29.394000 230689 torch/distributed/elastic/multiprocessing/api.py:897] Sending process 230756 closing signal SIGTERM
W0915 20:06:29.395000 230689 torch/distributed/elastic/multiprocessing/api.py:897] Sending process 230757 closing signal SIGTERM
W0915 20:06:29.395000 230689 torch/distributed/elastic/multiprocessing/api.py:897] Sending process 230758 closing signal SIGTERM
W0915 20:06:29.395000 230689 torch/distributed/elastic/multiprocessing/api.py:897] Sending process 230759 closing signal SIGTERM
W0915 20:06:29.396000 230689 torch/distributed/elastic/multiprocessing/api.py:897] Sending process 230760 closing signal SIGTERM
W0915 20:06:29.396000 230689 torch/distributed/elastic/multiprocessing/api.py:897] Sending process 230761 closing signal SIGTERM
Traceback (most recent call last):
  File "/root/venv/lib/python3.12/site-packages/torch/distributed/elastic/agent/server/api.py", line 711, in run
    result = self._invoke_run(role)
             ^^^^^^^^^^^^^^^^^^^^^^
  File "/root/venv/lib/python3.12/site-packages/torch/distributed/elastic/agent/server/api.py", line 870, in _invoke_run
    time.sleep(monitor_interval)
  File "/root/venv/lib/python3.12/site-packages/torch/distributed/elastic/multiprocessing/api.py", line 84, in _terminate_process_handler
    raise SignalException(f"Process {os.getpid()} got signal: {sigval}", sigval=sigval)
torch.distributed.elastic.multiprocessing.api.SignalException: Process 230689 got signal: 15

During handling of the above exception, another exception occurred:

Traceback (most recent call last):
  File "/root/venv/bin/torchrun", line 6, in <module>
    sys.exit(main())
             ^^^^^^
  File "/root/venv/lib/python3.12/site-packages/torch/distributed/elastic/multiprocessing/errors/__init__.py", line 355, in wrapper
    return f(*args, **kwargs)
           ^^^^^^^^^^^^^^^^^^
  File "/root/venv/lib/python3.12/site-packages/torch/distributed/run.py", line 918, in main
    run(args)
  File "/root/venv/lib/python3.12/site-packages/torch/distributed/run.py", line 909, in run
    elastic_launch(
  File "/root/venv/lib/python3.12/site-packages/torch/distributed/launcher/api.py", line 138, in __call__
    return launch_agent(self._config, self._entrypoint, list(args))
           ^^^^^^^^^^^^^^^^^^^^^^^^^^^^^^^^^^^^^^^^^^^^^^^^^^^^^^^^
  File "/root/venv/lib/python3.12/site-packages/torch/distributed/launcher/api.py", line 260, in launch_agent
    result = agent.run()
             ^^^^^^^^^^^
  File "/root/venv/lib/python3.12/site-packages/torch/distributed/elastic/metrics/api.py", line 137, in wrapper
    result = f(*args, **kwargs)
             ^^^^^^^^^^^^^^^^^^
  File "/root/venv/lib/python3.12/site-packages/torch/distributed/elastic/agent/server/api.py", line 720, in run
    self._shutdown(e.sigval)
  File "/root/venv/lib/python3.12/site-packages/torch/distributed/elastic/agent/server/local_elastic_agent.py", line 372, in _shutdown
    self._pcontext.close(death_sig)
  File "/root/venv/lib/python3.12/site-packages/torch/distributed/elastic/multiprocessing/api.py", line 572, in close
    self._close(death_sig=death_sig, timeout=timeout)
  File "/root/venv/lib/python3.12/site-packages/torch/distributed/elastic/multiprocessing/api.py", line 909, in _close
    handler.proc.wait(time_to_wait)
  File "/usr/lib/python3.12/subprocess.py", line 1264, in wait
    return self._wait(timeout=timeout)
           ^^^^^^^^^^^^^^^^^^^^^^^^^^^
  File "/usr/lib/python3.12/subprocess.py", line 2047, in _wait
    time.sleep(delay)
  File "/root/venv/lib/python3.12/site-packages/torch/distributed/elastic/multiprocessing/api.py", line 84, in _terminate_process_handler
    raise SignalException(f"Process {os.getpid()} got signal: {sigval}", sigval=sigval)
torch.distributed.elastic.multiprocessing.api.SignalException: Process 230689 got signal: 15
