W0915 17:25:50.053000 226929 torch/distributed/run.py:792] 
W0915 17:25:50.053000 226929 torch/distributed/run.py:792] *****************************************
W0915 17:25:50.053000 226929 torch/distributed/run.py:792] Setting OMP_NUM_THREADS environment variable for each process to be 1 in default, to avoid your system being overloaded, please further tune the variable for optimal performance in your application as needed. 
W0915 17:25:50.053000 226929 torch/distributed/run.py:792] *****************************************
wandb: [wandb.login()] Loaded credentials for https://api.wandb.ai from WANDB_API_KEY.
wandb: Currently logged in as: excelpro (excelpro-excelpro) to https://api.wandb.ai. Use `wandb login --relogin` to force relogin
wandb: Tracking run with wandb version 0.30.0
wandb: Run data is saved locally in /root/phi/wandb/run-20260915_172557-wrn0f9eo
wandb: Run `wandb offline` to turn off syncing.
wandb: Syncing run tied-22L512d-b32-r64
wandb: ⭐️ View project at https://wandb.ai/excelpro-excelpro/phic-midtrain
wandb: 🚀 View run at https://wandb.ai/excelpro-excelpro/phic-midtrain/runs/wrn0f9eo
cache2 /root/phi/data_cache_dolmino_7B_shuf.pt: 6.29B tok, switch at step 9538
RESUMED weights from /root/phi/ckpt_tied-22L512d-b32-r64_step40000.pt
P-form training path ON (154 TiedLinears)
[tied-22L512d-b32-r64] params 55.9M | batches 52993[tied-22L512d-b32-r64] params 55.9M | batches 52993[tied-22L512d-b32-r64] params 55.9M | batches 52993


[tied-22L512d-b32-r64] params 55.9M | batches 52993
[tied-22L512d-b32-r64] params 55.9M | batches 52993
[tied-22L512d-b32-r64] params 55.9M | batches 52993
[tied-22L512d-b32-r64] params 55.9M | batches 52993
[tied-22L512d-b32-r64] params 55.9M | batches 52993
RESUME GATE: step-0 loss 4.118 vs recorded plateau ~4.125 -> PASS
SANITY OK: step-0 loss 4.12
[tied-22L512d-b32-r64] step     0 loss 4.1176 (106068 tok/s)
[tied-22L512d-b32-r64] step    25 loss 4.0608 (936438 tok/s)
[tied-22L512d-b32-r64] step    50 loss 4.0473 (1105715 tok/s)
[tied-22L512d-b32-r64] step    75 loss 3.9208 (1178644 tok/s)
[tied-22L512d-b32-r64] step   100 loss 3.8378 (1219361 tok/s)
[tied-22L512d-b32-r64] step   125 loss 4.0219 (1244943 tok/s)
[tied-22L512d-b32-r64] step   150 loss 4.0427 (1262657 tok/s)
[tied-22L512d-b32-r64] step   175 loss 4.0489 (1275752 tok/s)
[tied-22L512d-b32-r64] step   200 loss 4.0756 (1285801 tok/s)
[tied-22L512d-b32-r64] step   225 loss 3.6786 (1293684 tok/s)
[tied-22L512d-b32-r64] step   250 loss 4.0348 (1300056 tok/s)
[tied-22L512d-b32-r64] step   275 loss 4.2248 (1305375 tok/s)
[tied-22L512d-b32-r64] step   300 loss 3.9477 (1309820 tok/s)
[tied-22L512d-b32-r64] step   325 loss 4.0534 (1313597 tok/s)
[tied-22L512d-b32-r64] step   350 loss 4.0819 (1315343 tok/s)
[tied-22L512d-b32-r64] step   375 loss 4.2867 (1318306 tok/s)
[tied-22L512d-b32-r64] step   400 loss 4.2206 (1320900 tok/s)
[tied-22L512d-b32-r64] step   425 loss 3.9947 (1323208 tok/s)
[tied-22L512d-b32-r64] step   450 loss 4.0464 (1325266 tok/s)
[tied-22L512d-b32-r64] step   475 loss 3.7844 (1327107 tok/s)
[tied-22L512d-b32-r64] VAL 4.1252
[tied-22L512d-b32-r64] step   500 loss 4.1723 (1327932 tok/s)
[tied-22L512d-b32-r64] step   525 loss 3.9882 (1329478 tok/s)
[tied-22L512d-b32-r64] step   550 loss 4.1965 (1330875 tok/s)
[tied-22L512d-b32-r64] step   575 loss 4.0384 (1332150 tok/s)
[tied-22L512d-b32-r64] step   600 loss 4.0210 (1333327 tok/s)
[tied-22L512d-b32-r64] step   625 loss 4.0611 (1334409 tok/s)
[tied-22L512d-b32-r64] step   650 loss 4.0546 (1335426 tok/s)
[tied-22L512d-b32-r64] step   675 loss 4.1138 (1336363 tok/s)
[tied-22L512d-b32-r64] step   700 loss 4.0415 (1336712 tok/s)
[tied-22L512d-b32-r64] step   725 loss 4.0482 (1337534 tok/s)
[tied-22L512d-b32-r64] step   750 loss 3.7927 (1338300 tok/s)
[tied-22L512d-b32-r64] step   775 loss 4.1867 (1338883 tok/s)
[tied-22L512d-b32-r64] step   800 loss 4.0361 (1339020 tok/s)
[tied-22L512d-b32-r64] step   825 loss 4.0096 (1339616 tok/s)
[tied-22L512d-b32-r64] step   850 loss 3.7569 (1340233 tok/s)
[tied-22L512d-b32-r64] step   875 loss 4.2826 (1340820 tok/s)
[tied-22L512d-b32-r64] step   900 loss 4.1832 (1341376 tok/s)
[tied-22L512d-b32-r64] step   925 loss 4.2481 (1341899 tok/s)
[tied-22L512d-b32-r64] step   950 loss 4.0561 (1342389 tok/s)
[tied-22L512d-b32-r64] step   975 loss 4.1717 (1342852 tok/s)
[tied-22L512d-b32-r64] VAL 4.1282
[tied-22L512d-b32-r64] step  1000 loss 3.9432 (1342876 tok/s)
[tied-22L512d-b32-r64] step  1025 loss 3.9706 (1343313 tok/s)
[tied-22L512d-b32-r64] step  1050 loss 4.0653 (1343733 tok/s)
[tied-22L512d-b32-r64] step  1075 loss 3.8582 (1344128 tok/s)
[tied-22L512d-b32-r64] step  1100 loss 3.9801 (1344506 tok/s)
[tied-22L512d-b32-r64] step  1125 loss 4.1010 (1344866 tok/s)
[tied-22L512d-b32-r64] step  1150 loss 4.1023 (1345202 tok/s)
[tied-22L512d-b32-r64] step  1175 loss 4.0619 (1345526 tok/s)
[tied-22L512d-b32-r64] step  1200 loss 4.0927 (1345835 tok/s)
[tied-22L512d-b32-r64] step  1225 loss 3.9685 (1346138 tok/s)
[tied-22L512d-b32-r64] step  1250 loss 4.1156 (1346423 tok/s)
[tied-22L512d-b32-r64] step  1275 loss 4.2691 (1346304 tok/s)
[tied-22L512d-b32-r64] step  1300 loss 4.1491 (1346584 tok/s)
[tied-22L512d-b32-r64] step  1325 loss 3.9727 (1346852 tok/s)
[tied-22L512d-b32-r64] step  1350 loss 3.9222 (1347103 tok/s)
[tied-22L512d-b32-r64] step  1375 loss 4.0203 (1347354 tok/s)
[tied-22L512d-b32-r64] step  1400 loss 4.0298 (1347584 tok/s)
[tied-22L512d-b32-r64] step  1425 loss 3.9888 (1347814 tok/s)
[tied-22L512d-b32-r64] step  1450 loss 3.9815 (1348032 tok/s)
[tied-22L512d-b32-r64] step  1475 loss 3.9554 (1348251 tok/s)
[tied-22L512d-b32-r64] VAL 4.1120
[tied-22L512d-b32-r64] step  1500 loss 3.9980 (1348168 tok/s)
[tied-22L512d-b32-r64] step  1525 loss 4.0403 (1348373 tok/s)
[tied-22L512d-b32-r64] step  1550 loss 4.0939 (1348570 tok/s)
[tied-22L512d-b32-r64] step  1575 loss 4.9612 (1348761 tok/s)
[tied-22L512d-b32-r64] step  1600 loss 4.1770 (1348786 tok/s)
[tied-22L512d-b32-r64] step  1625 loss 4.4234 (1348973 tok/s)
[tied-22L512d-b32-r64] step  1650 loss 4.1300 (1349147 tok/s)
[tied-22L512d-b32-r64] step  1675 loss 4.1004 (1349325 tok/s)
[tied-22L512d-b32-r64] step  1700 loss 4.0394 (1349497 tok/s)
[tied-22L512d-b32-r64] step  1725 loss 4.1543 (1349354 tok/s)
[tied-22L512d-b32-r64] step  1750 loss 4.1204 (1349513 tok/s)
[tied-22L512d-b32-r64] step  1775 loss 3.9966 (1349672 tok/s)
[tied-22L512d-b32-r64] step  1800 loss 4.0019 (1349826 tok/s)
[tied-22L512d-b32-r64] step  1825 loss 4.0442 (1349978 tok/s)
[tied-22L512d-b32-r64] step  1850 loss 4.1035 (1350120 tok/s)
[tied-22L512d-b32-r64] step  1875 loss 4.0179 (1350261 tok/s)
[tied-22L512d-b32-r64] step  1900 loss 4.0588 (1350403 tok/s)
[tied-22L512d-b32-r64] step  1925 loss 4.0728 (1350543 tok/s)
[tied-22L512d-b32-r64] step  1950 loss 4.1694 (1350676 tok/s)
[tied-22L512d-b32-r64] step  1975 loss 4.2549 (1350803 tok/s)
[tied-22L512d-b32-r64] VAL 4.1124
[tied-22L512d-b32-r64] step  2000 loss 4.0654 (1350714 tok/s)
[tied-22L512d-b32-r64] step  2025 loss 3.9396 (1350834 tok/s)
[tied-22L512d-b32-r64] step  2050 loss 4.0428 (1350955 tok/s)
[tied-22L512d-b32-r64] step  2075 loss 4.1858 (1351073 tok/s)
[tied-22L512d-b32-r64] step  2100 loss 3.9868 (1351187 tok/s)
[tied-22L512d-b32-r64] step  2125 loss 4.1228 (1351304 tok/s)
[tied-22L512d-b32-r64] step  2150 loss 3.8113 (1351420 tok/s)
[tied-22L512d-b32-r64] step  2175 loss 4.1515 (1351526 tok/s)
[tied-22L512d-b32-r64] step  2200 loss 4.2229 (1351397 tok/s)
[tied-22L512d-b32-r64] step  2225 loss 4.0825 (1351503 tok/s)
[tied-22L512d-b32-r64] step  2250 loss 3.6794 (1351607 tok/s)
[tied-22L512d-b32-r64] step  2275 loss 4.1347 (1351710 tok/s)
[tied-22L512d-b32-r64] step  2300 loss 4.0799 (1351810 tok/s)
[tied-22L512d-b32-r64] step  2325 loss 4.1031 (1351907 tok/s)
[tied-22L512d-b32-r64] step  2350 loss 4.1087 (1352002 tok/s)
[tied-22L512d-b32-r64] step  2375 loss 4.0473 (1352097 tok/s)
[tied-22L512d-b32-r64] step  2400 loss 4.1015 (1352191 tok/s)
[tied-22L512d-b32-r64] step  2425 loss 4.0511 (1352281 tok/s)
[tied-22L512d-b32-r64] step  2450 loss 3.8727 (1352368 tok/s)
[tied-22L512d-b32-r64] step  2475 loss 3.9332 (1352449 tok/s)
[tied-22L512d-b32-r64] VAL 4.0999
[tied-22L512d-b32-r64] step  2500 loss 4.0841 (1352358 tok/s)
[tied-22L512d-b32-r64] step  2525 loss 4.0482 (1352313 tok/s)
[tied-22L512d-b32-r64] step  2550 loss 3.5078 (1352399 tok/s)
[tied-22L512d-b32-r64] step  2575 loss 4.1434 (1352482 tok/s)
[tied-22L512d-b32-r64] step  2600 loss 4.1622 (1352565 tok/s)
[tied-22L512d-b32-r64] step  2625 loss 4.0413 (1352642 tok/s)
[tied-22L512d-b32-r64] step  2650 loss 3.7450 (1352539 tok/s)
[tied-22L512d-b32-r64] step  2675 loss 4.0439 (1352617 tok/s)
[tied-22L512d-b32-r64] step  2700 loss 3.9901 (1352690 tok/s)
[tied-22L512d-b32-r64] step  2725 loss 3.8172 (1352764 tok/s)
[tied-22L512d-b32-r64] step  2750 loss 4.1484 (1352837 tok/s)
[tied-22L512d-b32-r64] step  2775 loss 3.8563 (1352909 tok/s)
[tied-22L512d-b32-r64] step  2800 loss 4.0254 (1352978 tok/s)
[tied-22L512d-b32-r64] step  2825 loss 4.0897 (1353047 tok/s)
[tied-22L512d-b32-r64] step  2850 loss 4.0921 (1353116 tok/s)
[tied-22L512d-b32-r64] step  2875 loss 4.0590 (1353185 tok/s)
[tied-22L512d-b32-r64] step  2900 loss 3.9795 (1353248 tok/s)
[tied-22L512d-b32-r64] step  2925 loss 3.8290 (1353311 tok/s)
[tied-22L512d-b32-r64] step  2950 loss 4.0482 (1353371 tok/s)
[tied-22L512d-b32-r64] step  2975 loss 4.0914 (1353432 tok/s)
[tied-22L512d-b32-r64] VAL 4.0926
[tied-22L512d-b32-r64] step  3000 loss 4.1477 (1353353 tok/s)
[tied-22L512d-b32-r64] step  3025 loss 4.0633 (1353417 tok/s)
[tied-22L512d-b32-r64] step  3050 loss 4.1684 (1353476 tok/s)
[tied-22L512d-b32-r64] step  3075 loss 3.9564 (1353535 tok/s)
[tied-22L512d-b32-r64] step  3100 loss 4.0354 (1353591 tok/s)
[tied-22L512d-b32-r64] step  3125 loss 3.8904 (1353478 tok/s)
[tied-22L512d-b32-r64] step  3150 loss 3.4283 (1353537 tok/s)
[tied-22L512d-b32-r64] step  3175 loss 4.1706 (1353594 tok/s)
[tied-22L512d-b32-r64] step  3200 loss 4.0277 (1353650 tok/s)
[tied-22L512d-b32-r64] step  3225 loss 4.1937 (1353704 tok/s)
[tied-22L512d-b32-r64] step  3250 loss 4.1032 (1353758 tok/s)
[tied-22L512d-b32-r64] step  3275 loss 3.9037 (1353811 tok/s)
[tied-22L512d-b32-r64] step  3300 loss 4.0293 (1353861 tok/s)
[tied-22L512d-b32-r64] step  3325 loss 4.0552 (1353909 tok/s)
[tied-22L512d-b32-r64] step  3350 loss 3.9860 (1353959 tok/s)
[tied-22L512d-b32-r64] step  3375 loss 3.9946 (1354007 tok/s)
[tied-22L512d-b32-r64] step  3400 loss 4.0169 (1354057 tok/s)
[tied-22L512d-b32-r64] step  3425 loss 3.9773 (1354015 tok/s)
[tied-22L512d-b32-r64] step  3450 loss 4.1069 (1354065 tok/s)
[tied-22L512d-b32-r64] step  3475 loss 3.8783 (1354113 tok/s)
[tied-22L512d-b32-r64] VAL 4.0673
[tied-22L512d-b32-r64] step  3500 loss 4.3040 (1354037 tok/s)
[tied-22L512d-b32-r64] step  3525 loss 4.0284 (1354081 tok/s)
[tied-22L512d-b32-r64] step  3550 loss 4.0668 (1354127 tok/s)
[tied-22L512d-b32-r64] step  3575 loss 3.7787 (1354028 tok/s)
[tied-22L512d-b32-r64] step  3600 loss 4.0530 (1354070 tok/s)
[tied-22L512d-b32-r64] step  3625 loss 3.9133 (1354116 tok/s)
[tied-22L512d-b32-r64] step  3650 loss 3.9232 (1354158 tok/s)
[tied-22L512d-b32-r64] step  3675 loss 4.1178 (1354201 tok/s)
[tied-22L512d-b32-r64] step  3700 loss 4.0713 (1354245 tok/s)
[tied-22L512d-b32-r64] step  3725 loss 4.1444 (1354284 tok/s)
[tied-22L512d-b32-r64] step  3750 loss 4.0857 (1354322 tok/s)
[tied-22L512d-b32-r64] step  3775 loss 3.9849 (1354360 tok/s)
[tied-22L512d-b32-r64] step  3800 loss 4.1404 (1354399 tok/s)
[tied-22L512d-b32-r64] step  3825 loss 3.8935 (1354437 tok/s)
[tied-22L512d-b32-r64] step  3850 loss 3.6607 (1354477 tok/s)
[tied-22L512d-b32-r64] step  3875 loss 4.0783 (1354516 tok/s)
[tied-22L512d-b32-r64] step  3900 loss 3.9343 (1354554 tok/s)
[tied-22L512d-b32-r64] step  3925 loss 4.1647 (1354593 tok/s)
[tied-22L512d-b32-r64] step  3950 loss 4.0952 (1354631 tok/s)
[tied-22L512d-b32-r64] step  3975 loss 4.0673 (1354669 tok/s)
[tied-22L512d-b32-r64] VAL 4.0252
[tied-22L512d-b32-r64] step  4000 loss 4.0870 (1354597 tok/s)
[tied-22L512d-b32-r64] step  4025 loss 3.9718 (1354633 tok/s)
[tied-22L512d-b32-r64] step  4050 loss 4.3059 (1354549 tok/s)
[tied-22L512d-b32-r64] step  4075 loss 3.9344 (1354584 tok/s)
[tied-22L512d-b32-r64] step  4100 loss 3.8935 (1354623 tok/s)
[tied-22L512d-b32-r64] step  4125 loss 3.9659 (1354662 tok/s)
[tied-22L512d-b32-r64] step  4150 loss 4.0575 (1354698 tok/s)
[tied-22L512d-b32-r64] step  4175 loss 3.9319 (1354735 tok/s)
[tied-22L512d-b32-r64] step  4200 loss 3.9271 (1354771 tok/s)
[tied-22L512d-b32-r64] step  4225 loss 4.1897 (1354808 tok/s)
[tied-22L512d-b32-r64] step  4250 loss 3.9247 (1354845 tok/s)
[tied-22L512d-b32-r64] step  4275 loss 3.8754 (1354879 tok/s)
[tied-22L512d-b32-r64] step  4300 loss 3.9895 (1354913 tok/s)
[tied-22L512d-b32-r64] step  4325 loss 3.8991 (1354897 tok/s)
[tied-22L512d-b32-r64] step  4350 loss 3.9607 (1354929 tok/s)
[tied-22L512d-b32-r64] step  4375 loss 3.9081 (1354962 tok/s)
[tied-22L512d-b32-r64] step  4400 loss 4.1231 (1354996 tok/s)
[tied-22L512d-b32-r64] step  4425 loss 3.9456 (1355028 tok/s)
[tied-22L512d-b32-r64] step  4450 loss 3.9097 (1355062 tok/s)
[tied-22L512d-b32-r64] step  4475 loss 4.0907 (1355095 tok/s)
[tied-22L512d-b32-r64] VAL 4.0201
[tied-22L512d-b32-r64] step  4500 loss 4.0729 (1354923 tok/s)
[tied-22L512d-b32-r64] step  4525 loss 4.0626 (1354958 tok/s)
[tied-22L512d-b32-r64] step  4550 loss 3.9410 (1354991 tok/s)
[tied-22L512d-b32-r64] step  4575 loss 3.8633 (1355024 tok/s)
[tied-22L512d-b32-r64] step  4600 loss 4.0312 (1355056 tok/s)
[tied-22L512d-b32-r64] step  4625 loss 3.9222 (1355087 tok/s)
[tied-22L512d-b32-r64] step  4650 loss 3.9353 (1355117 tok/s)
[tied-22L512d-b32-r64] step  4675 loss 4.0334 (1355145 tok/s)
[tied-22L512d-b32-r64] step  4700 loss 3.9491 (1355175 tok/s)
[tied-22L512d-b32-r64] step  4725 loss 3.9427 (1355205 tok/s)
[tied-22L512d-b32-r64] step  4750 loss 3.9707 (1355236 tok/s)
[tied-22L512d-b32-r64] step  4775 loss 3.9855 (1355267 tok/s)
[tied-22L512d-b32-r64] step  4800 loss 3.8587 (1355294 tok/s)
[tied-22L512d-b32-r64] step  4825 loss 3.9106 (1355322 tok/s)
[tied-22L512d-b32-r64] step  4850 loss 4.1298 (1355350 tok/s)
[tied-22L512d-b32-r64] step  4875 loss 3.8655 (1355378 tok/s)
[tied-22L512d-b32-r64] step  4900 loss 4.0457 (1355406 tok/s)
[tied-22L512d-b32-r64] step  4925 loss 3.8959 (1355435 tok/s)
[tied-22L512d-b32-r64] step  4950 loss 4.1220 (1355463 tok/s)
[tied-22L512d-b32-r64] step  4975 loss 4.0105 (1355393 tok/s)
[tied-22L512d-b32-r64] VAL 3.9711
[tied-22L512d-b32-r64] step  5000 loss 3.8904 (1355218 tok/s)
[tied-22L512d-b32-r64] step  5025 loss 4.0201 (1355246 tok/s)
[tied-22L512d-b32-r64] step  5050 loss 3.9162 (1355274 tok/s)
[tied-22L512d-b32-r64] step  5075 loss 3.8855 (1355301 tok/s)
[tied-22L512d-b32-r64] step  5100 loss 3.8153 (1355260 tok/s)
[tied-22L512d-b32-r64] step  5125 loss 3.7036 (1355289 tok/s)
[tied-22L512d-b32-r64] step  5150 loss 4.0797 (1355316 tok/s)
[tied-22L512d-b32-r64] step  5175 loss 3.8630 (1355344 tok/s)
[tied-22L512d-b32-r64] step  5200 loss 4.2910 (1355372 tok/s)
[tied-22L512d-b32-r64] step  5225 loss 3.7949 (1355397 tok/s)
[tied-22L512d-b32-r64] step  5250 loss 3.8988 (1355422 tok/s)
[tied-22L512d-b32-r64] step  5275 loss 3.9719 (1355447 tok/s)
[tied-22L512d-b32-r64] step  5300 loss 3.8399 (1355472 tok/s)
[tied-22L512d-b32-r64] step  5325 loss 4.1275 (1355499 tok/s)
[tied-22L512d-b32-r64] step  5350 loss 4.0641 (1355524 tok/s)
[tied-22L512d-b32-r64] step  5375 loss 3.9982 (1355548 tok/s)
[tied-22L512d-b32-r64] step  5400 loss 3.9797 (1355571 tok/s)
[tied-22L512d-b32-r64] step  5425 loss 3.6533 (1355506 tok/s)
[tied-22L512d-b32-r64] step  5450 loss 3.8284 (1355531 tok/s)
[tied-22L512d-b32-r64] step  5475 loss 3.9491 (1355557 tok/s)
[tied-22L512d-b32-r64] VAL 3.9580
[tied-22L512d-b32-r64] step  5500 loss 3.8597 (1355502 tok/s)
[tied-22L512d-b32-r64] step  5525 loss 3.8706 (1355526 tok/s)
[tied-22L512d-b32-r64] step  5550 loss 3.7951 (1355550 tok/s)
[tied-22L512d-b32-r64] step  5575 loss 3.8232 (1355518 tok/s)
[tied-22L512d-b32-r64] step  5600 loss 3.7689 (1355542 tok/s)
[tied-22L512d-b32-r64] step  5625 loss 3.8416 (1355566 tok/s)
[tied-22L512d-b32-r64] step  5650 loss 3.8808 (1355587 tok/s)
[tied-22L512d-b32-r64] step  5675 loss 3.7235 (1355609 tok/s)
[tied-22L512d-b32-r64] step  5700 loss 3.9459 (1355633 tok/s)
[tied-22L512d-b32-r64] step  5725 loss 3.8298 (1355656 tok/s)
[tied-22L512d-b32-r64] step  5750 loss 4.0237 (1355681 tok/s)
[tied-22L512d-b32-r64] step  5775 loss 3.2805 (1355705 tok/s)
[tied-22L512d-b32-r64] step  5800 loss 3.9485 (1355726 tok/s)
[tied-22L512d-b32-r64] step  5825 loss 3.8536 (1355749 tok/s)
[tied-22L512d-b32-r64] step  5850 loss 4.0071 (1355770 tok/s)
[tied-22L512d-b32-r64] step  5875 loss 3.6262 (1355794 tok/s)
[tied-22L512d-b32-r64] step  5900 loss 4.1124 (1355724 tok/s)
[tied-22L512d-b32-r64] step  5925 loss 3.8257 (1355747 tok/s)
[tied-22L512d-b32-r64] step  5950 loss 3.9478 (1355770 tok/s)
[tied-22L512d-b32-r64] step  5975 loss 3.7772 (1355792 tok/s)
[tied-22L512d-b32-r64] VAL 3.9486
[tied-22L512d-b32-r64] step  6000 loss 4.0375 (1355740 tok/s)
[tied-22L512d-b32-r64] step  6025 loss 3.7987 (1355711 tok/s)
[tied-22L512d-b32-r64] step  6050 loss 4.0188 (1355731 tok/s)
[tied-22L512d-b32-r64] step  6075 loss 3.8113 (1355751 tok/s)
[tied-22L512d-b32-r64] step  6100 loss 3.8390 (1355768 tok/s)
[tied-22L512d-b32-r64] step  6125 loss 3.8695 (1355787 tok/s)
[tied-22L512d-b32-r64] step  6150 loss 3.5835 (1355805 tok/s)
[tied-22L512d-b32-r64] step  6175 loss 3.8891 (1355823 tok/s)
[tied-22L512d-b32-r64] step  6200 loss 3.6745 (1355841 tok/s)
[tied-22L512d-b32-r64] step  6225 loss 4.0426 (1355859 tok/s)
[tied-22L512d-b32-r64] step  6250 loss 3.8186 (1355877 tok/s)
[tied-22L512d-b32-r64] step  6275 loss 3.8611 (1355893 tok/s)
[tied-22L512d-b32-r64] step  6300 loss 3.9797 (1355909 tok/s)
[tied-22L512d-b32-r64] step  6325 loss 3.8979 (1355926 tok/s)
[tied-22L512d-b32-r64] step  6350 loss 3.9937 (1355867 tok/s)
[tied-22L512d-b32-r64] step  6375 loss 3.8810 (1355884 tok/s)
[tied-22L512d-b32-r64] step  6400 loss 3.8379 (1355902 tok/s)
[tied-22L512d-b32-r64] step  6425 loss 4.0000 (1355922 tok/s)
[tied-22L512d-b32-r64] step  6450 loss 4.0109 (1355943 tok/s)
[tied-22L512d-b32-r64] step  6475 loss 4.0985 (1355962 tok/s)
[tied-22L512d-b32-r64] VAL 3.9286
[tied-22L512d-b32-r64] step  6500 loss 3.8308 (1355868 tok/s)
[tied-22L512d-b32-r64] step  6525 loss 3.9390 (1355888 tok/s)
[tied-22L512d-b32-r64] step  6550 loss 3.8824 (1355907 tok/s)
[tied-22L512d-b32-r64] step  6575 loss 3.8833 (1355927 tok/s)
[tied-22L512d-b32-r64] step  6600 loss 3.9322 (1355947 tok/s)
[tied-22L512d-b32-r64] step  6625 loss 3.8723 (1355965 tok/s)
[tied-22L512d-b32-r64] step  6650 loss 3.9124 (1355984 tok/s)
[tied-22L512d-b32-r64] step  6675 loss 3.8172 (1356002 tok/s)
[tied-22L512d-b32-r64] step  6700 loss 3.7369 (1356021 tok/s)
[tied-22L512d-b32-r64] step  6725 loss 3.6167 (1356039 tok/s)
[tied-22L512d-b32-r64] step  6750 loss 3.6966 (1356058 tok/s)
[tied-22L512d-b32-r64] step  6775 loss 4.0127 (1356077 tok/s)
[tied-22L512d-b32-r64] step  6800 loss 3.9432 (1356095 tok/s)
[tied-22L512d-b32-r64] step  6825 loss 3.8224 (1356042 tok/s)
[tied-22L512d-b32-r64] step  6850 loss 3.9646 (1356061 tok/s)
[tied-22L512d-b32-r64] step  6875 loss 3.9154 (1356080 tok/s)
[tied-22L512d-b32-r64] step  6900 loss 4.1092 (1356098 tok/s)
[tied-22L512d-b32-r64] step  6925 loss 4.0034 (1356116 tok/s)
[tied-22L512d-b32-r64] step  6950 loss 3.5533 (1356090 tok/s)
[tied-22L512d-b32-r64] step  6975 loss 3.8909 (1356108 tok/s)
[tied-22L512d-b32-r64] VAL 3.9256
[tied-22L512d-b32-r64] step  7000 loss 3.8899 (1356064 tok/s)
[tied-22L512d-b32-r64] step  7025 loss 3.7502 (1356082 tok/s)
[tied-22L512d-b32-r64] step  7050 loss 3.8811 (1356099 tok/s)
[tied-22L512d-b32-r64] step  7075 loss 3.8601 (1356117 tok/s)
[tied-22L512d-b32-r64] step  7100 loss 3.9803 (1356133 tok/s)
[tied-22L512d-b32-r64] step  7125 loss 4.0762 (1356150 tok/s)
[tied-22L512d-b32-r64] step  7150 loss 3.8791 (1356168 tok/s)
[tied-22L512d-b32-r64] step  7175 loss 4.0157 (1356185 tok/s)
[tied-22L512d-b32-r64] step  7200 loss 3.9004 (1356201 tok/s)
[tied-22L512d-b32-r64] step  7225 loss 3.9018 (1356217 tok/s)
[tied-22L512d-b32-r64] step  7250 loss 4.0112 (1356232 tok/s)
[tied-22L512d-b32-r64] step  7275 loss 3.8652 (1356187 tok/s)
[tied-22L512d-b32-r64] step  7300 loss 3.9076 (1356203 tok/s)
[tied-22L512d-b32-r64] step  7325 loss 3.8286 (1356219 tok/s)
[tied-22L512d-b32-r64] step  7350 loss 3.7242 (1356236 tok/s)
[tied-22L512d-b32-r64] step  7375 loss 3.8733 (1356252 tok/s)
[tied-22L512d-b32-r64] step  7400 loss 3.7636 (1356269 tok/s)
[tied-22L512d-b32-r64] step  7425 loss 4.4063 (1356244 tok/s)
[tied-22L512d-b32-r64] step  7450 loss 3.6474 (1356260 tok/s)
[tied-22L512d-b32-r64] step  7475 loss 3.7952 (1356275 tok/s)
[tied-22L512d-b32-r64] VAL 3.9247
[tied-22L512d-b32-r64] step  7500 loss 3.5739 (1356232 tok/s)
[tied-22L512d-b32-r64] step  7525 loss 3.7976 (1356248 tok/s)
[tied-22L512d-b32-r64] step  7550 loss 3.7711 (1356264 tok/s)
[tied-22L512d-b32-r64] step  7575 loss 3.6740 (1356279 tok/s)
[tied-22L512d-b32-r64] step  7600 loss 3.8515 (1356293 tok/s)
[tied-22L512d-b32-r64] step  7625 loss 3.9213 (1356308 tok/s)
[tied-22L512d-b32-r64] step  7650 loss 3.8038 (1356322 tok/s)
[tied-22L512d-b32-r64] step  7675 loss 3.8724 (1356336 tok/s)
[tied-22L512d-b32-r64] step  7700 loss 3.7726 (1356351 tok/s)
[tied-22L512d-b32-r64] step  7725 loss 3.8386 (1356367 tok/s)
[tied-22L512d-b32-r64] step  7750 loss 3.8610 (1356318 tok/s)
[tied-22L512d-b32-r64] step  7775 loss 3.7669 (1356334 tok/s)
[tied-22L512d-b32-r64] step  7800 loss 3.9655 (1356349 tok/s)
[tied-22L512d-b32-r64] step  7825 loss 3.8523 (1356365 tok/s)
[tied-22L512d-b32-r64] step  7850 loss 3.8567 (1356379 tok/s)
[tied-22L512d-b32-r64] step  7875 loss 3.7393 (1356340 tok/s)
[tied-22L512d-b32-r64] step  7900 loss 4.1872 (1356355 tok/s)
[tied-22L512d-b32-r64] step  7925 loss 3.7512 (1356370 tok/s)
[tied-22L512d-b32-r64] step  7950 loss 3.8631 (1356385 tok/s)
[tied-22L512d-b32-r64] step  7975 loss 3.9476 (1356400 tok/s)
[tied-22L512d-b32-r64] VAL 3.9128
[tied-22L512d-b32-r64] step  8000 loss 3.9649 (1356361 tok/s)
[tied-22L512d-b32-r64] step  8025 loss 3.7426 (1356377 tok/s)
[tied-22L512d-b32-r64] step  8050 loss 3.8905 (1356392 tok/s)
[tied-22L512d-b32-r64] step  8075 loss 3.7446 (1356406 tok/s)
[tied-22L512d-b32-r64] step  8100 loss 3.8365 (1356421 tok/s)
[tied-22L512d-b32-r64] step  8125 loss 4.0062 (1356435 tok/s)
[tied-22L512d-b32-r64] step  8150 loss 3.9175 (1356449 tok/s)
[tied-22L512d-b32-r64] step  8175 loss 3.6749 (1356462 tok/s)
[tied-22L512d-b32-r64] step  8200 loss 3.6572 (1356421 tok/s)
[tied-22L512d-b32-r64] step  8225 loss 4.0191 (1356435 tok/s)
[tied-22L512d-b32-r64] step  8250 loss 3.8316 (1356449 tok/s)
[tied-22L512d-b32-r64] step  8275 loss 3.7901 (1356463 tok/s)
[tied-22L512d-b32-r64] step  8300 loss 3.9343 (1356477 tok/s)
[tied-22L512d-b32-r64] step  8325 loss 3.7462 (1356491 tok/s)
[tied-22L512d-b32-r64] step  8350 loss 3.6425 (1356463 tok/s)
[tied-22L512d-b32-r64] step  8375 loss 3.9774 (1356476 tok/s)
[tied-22L512d-b32-r64] step  8400 loss 3.9613 (1356489 tok/s)
[tied-22L512d-b32-r64] step  8425 loss 4.2844 (1356502 tok/s)
[tied-22L512d-b32-r64] step  8450 loss 4.1039 (1356515 tok/s)
[tied-22L512d-b32-r64] step  8475 loss 3.9169 (1356528 tok/s)
[tied-22L512d-b32-r64] VAL 3.9048
[tied-22L512d-b32-r64] step  8500 loss 3.8258 (1356491 tok/s)
[tied-22L512d-b32-r64] step  8525 loss 3.8338 (1356506 tok/s)
[tied-22L512d-b32-r64] step  8550 loss 3.9767 (1356519 tok/s)
[tied-22L512d-b32-r64] step  8575 loss 3.7771 (1356533 tok/s)
[tied-22L512d-b32-r64] step  8600 loss 3.8736 (1356546 tok/s)
[tied-22L512d-b32-r64] step  8625 loss 3.8700 (1356559 tok/s)
[tied-22L512d-b32-r64] step  8650 loss 4.0487 (1356573 tok/s)
[tied-22L512d-b32-r64] step  8675 loss 3.9918 (1356529 tok/s)
[tied-22L512d-b32-r64] step  8700 loss 3.9861 (1356542 tok/s)
[tied-22L512d-b32-r64] step  8725 loss 3.8839 (1356555 tok/s)
[tied-22L512d-b32-r64] step  8750 loss 3.9527 (1356567 tok/s)
[tied-22L512d-b32-r64] step  8775 loss 4.0080 (1356579 tok/s)
[tied-22L512d-b32-r64] step  8800 loss 3.8564 (1356556 tok/s)
[tied-22L512d-b32-r64] step  8825 loss 3.7207 (1356569 tok/s)
[tied-22L512d-b32-r64] step  8850 loss 3.8115 (1356581 tok/s)
[tied-22L512d-b32-r64] step  8875 loss 3.7608 (1356594 tok/s)
[tied-22L512d-b32-r64] step  8900 loss 3.8998 (1356607 tok/s)
[tied-22L512d-b32-r64] step  8925 loss 3.9760 (1356618 tok/s)
[tied-22L512d-b32-r64] step  8950 loss 4.0649 (1356631 tok/s)
[tied-22L512d-b32-r64] step  8975 loss 4.0209 (1356642 tok/s)
[tied-22L512d-b32-r64] VAL 3.8931
[tied-22L512d-b32-r64] step  9000 loss 3.8868 (1356606 tok/s)
[tied-22L512d-b32-r64] step  9025 loss 3.7254 (1356619 tok/s)
[tied-22L512d-b32-r64] step  9050 loss 3.9317 (1356631 tok/s)
[tied-22L512d-b32-r64] step  9075 loss 3.6724 (1356643 tok/s)
[tied-22L512d-b32-r64] step  9100 loss 4.0428 (1356656 tok/s)
[tied-22L512d-b32-r64] step  9125 loss 3.9479 (1356608 tok/s)
[tied-22L512d-b32-r64] step  9150 loss 3.8043 (1356620 tok/s)
[tied-22L512d-b32-r64] step  9175 loss 3.9134 (1356632 tok/s)
[tied-22L512d-b32-r64] step  9200 loss 3.7791 (1356643 tok/s)
[tied-22L512d-b32-r64] step  9225 loss 3.8210 (1356655 tok/s)
[tied-22L512d-b32-r64] step  9250 loss 3.8952 (1356667 tok/s)
[tied-22L512d-b32-r64] step  9275 loss 3.7618 (1356645 tok/s)
[tied-22L512d-b32-r64] step  9300 loss 3.7640 (1356657 tok/s)
[tied-22L512d-b32-r64] step  9325 loss 3.7225 (1356669 tok/s)
[tied-22L512d-b32-r64] step  9350 loss 3.8542 (1356680 tok/s)
[tied-22L512d-b32-r64] step  9375 loss 2.8870 (1356692 tok/s)
[tied-22L512d-b32-r64] step  9400 loss 3.8311 (1356702 tok/s)
[tied-22L512d-b32-r64] step  9425 loss 3.8168 (1356713 tok/s)
[tied-22L512d-b32-r64] step  9450 loss 3.8048 (1356724 tok/s)
[tied-22L512d-b32-r64] step  9475 loss 3.7850 (1356736 tok/s)
[tied-22L512d-b32-r64] VAL 3.8815
[tied-22L512d-b32-r64] step  9500 loss 3.8159 (1356702 tok/s)
[tied-22L512d-b32-r64] step  9525 loss 3.7899 (1356715 tok/s)
[tied-22L512d-b32-r64] step  9550 loss 3.8939 (1356726 tok/s)
[tied-22L512d-b32-r64] step  9575 loss 3.8311 (1356737 tok/s)
[tied-22L512d-b32-r64] step  9600 loss 3.8175 (1356691 tok/s)
[tied-22L512d-b32-r64] step  9625 loss 3.8416 (1356702 tok/s)
[tied-22L512d-b32-r64] step  9650 loss 3.7941 (1356713 tok/s)
[tied-22L512d-b32-r64] step  9675 loss 3.8344 (1356724 tok/s)
[tied-22L512d-b32-r64] step  9700 loss 3.8087 (1356736 tok/s)
[tied-22L512d-b32-r64] step  9725 loss 3.7092 (1356716 tok/s)
[tied-22L512d-b32-r64] step  9750 loss 3.8589 (1356727 tok/s)
[tied-22L512d-b32-r64] step  9775 loss 3.7071 (1356737 tok/s)
[tied-22L512d-b32-r64] step  9800 loss 3.7265 (1356748 tok/s)
[tied-22L512d-b32-r64] step  9825 loss 3.8996 (1356759 tok/s)
[tied-22L512d-b32-r64] step  9850 loss 3.7564 (1356770 tok/s)
[tied-22L512d-b32-r64] step  9875 loss 3.6589 (1356781 tok/s)
[tied-22L512d-b32-r64] step  9900 loss 3.8365 (1356792 tok/s)
[tied-22L512d-b32-r64] step  9925 loss 3.7755 (1356802 tok/s)
[tied-22L512d-b32-r64] step  9950 loss 3.7842 (1356812 tok/s)
[tied-22L512d-b32-r64] step  9975 loss 3.7186 (1356823 tok/s)
[tied-22L512d-b32-r64] VAL 3.8932
[tied-22L512d-b32-r64] step 10000 loss 3.6903 (1356733 tok/s)
[tied-22L512d-b32-r64] step 10025 loss 3.7960 (1356746 tok/s)
[tied-22L512d-b32-r64] step 10050 loss 3.7854 (1356704 tok/s)
[tied-22L512d-b32-r64] step 10075 loss 3.7995 (1356715 tok/s)
[tied-22L512d-b32-r64] step 10100 loss 3.8098 (1356727 tok/s)
[tied-22L512d-b32-r64] step 10125 loss 3.8266 (1356738 tok/s)
[tied-22L512d-b32-r64] step 10150 loss 3.8004 (1356749 tok/s)
[tied-22L512d-b32-r64] step 10175 loss 3.7641 (1356759 tok/s)
[tied-22L512d-b32-r64] step 10200 loss 3.7483 (1356771 tok/s)
[tied-22L512d-b32-r64] step 10225 loss 3.7119 (1356782 tok/s)
[tied-22L512d-b32-r64] step 10250 loss 3.7357 (1356793 tok/s)
[tied-22L512d-b32-r64] step 10275 loss 3.6825 (1356803 tok/s)
[tied-22L512d-b32-r64] step 10300 loss 3.8929 (1356813 tok/s)
[tied-22L512d-b32-r64] step 10325 loss 3.8886 (1356795 tok/s)
[tied-22L512d-b32-r64] step 10350 loss 3.8476 (1356806 tok/s)
[tied-22L512d-b32-r64] step 10375 loss 3.7920 (1356816 tok/s)
[tied-22L512d-b32-r64] step 10400 loss 3.8161 (1356827 tok/s)
[tied-22L512d-b32-r64] step 10425 loss 3.7858 (1356838 tok/s)
[tied-22L512d-b32-r64] step 10450 loss 3.6266 (1356848 tok/s)
[tied-22L512d-b32-r64] step 10475 loss 3.6734 (1356858 tok/s)
[tied-22L512d-b32-r64] VAL 3.8972
[tied-22L512d-b32-r64] step 10500 loss 3.8945 (1356827 tok/s)
[tied-22L512d-b32-r64] step 10525 loss 3.7292 (1356792 tok/s)
[tied-22L512d-b32-r64] step 10550 loss 3.6460 (1356803 tok/s)
[tied-22L512d-b32-r64] step 10575 loss 3.7642 (1356813 tok/s)
[tied-22L512d-b32-r64] step 10600 loss 3.7243 (1356824 tok/s)
[tied-22L512d-b32-r64] step 10625 loss 3.7490 (1356834 tok/s)
[tied-22L512d-b32-r64] step 10650 loss 3.8250 (1356844 tok/s)
[tied-22L512d-b32-r64] step 10675 loss 3.5017 (1356855 tok/s)
[tied-22L512d-b32-r64] step 10700 loss 3.7268 (1356865 tok/s)
[tied-22L512d-b32-r64] step 10725 loss 3.8230 (1356874 tok/s)
[tied-22L512d-b32-r64] step 10750 loss 3.7916 (1356884 tok/s)
[tied-22L512d-b32-r64] step 10775 loss 3.6141 (1356894 tok/s)
[tied-22L512d-b32-r64] step 10800 loss 3.5495 (1356904 tok/s)
[tied-22L512d-b32-r64] step 10825 loss 3.7585 (1356914 tok/s)
[tied-22L512d-b32-r64] step 10850 loss 3.5132 (1356924 tok/s)
[tied-22L512d-b32-r64] step 10875 loss 3.8111 (1356933 tok/s)
[tied-22L512d-b32-r64] step 10900 loss 3.6946 (1356943 tok/s)
[tied-22L512d-b32-r64] step 10925 loss 3.7352 (1356953 tok/s)
[tied-22L512d-b32-r64] step 10950 loss 3.6970 (1356963 tok/s)
[tied-22L512d-b32-r64] step 10975 loss 3.8551 (1356924 tok/s)
[tied-22L512d-b32-r64] VAL 3.8958
[tied-22L512d-b32-r64] step 11000 loss 3.6425 (1356894 tok/s)
[tied-22L512d-b32-r64] step 11025 loss 3.9711 (1356903 tok/s)
[tied-22L512d-b32-r64] step 11050 loss 3.7408 (1356912 tok/s)
[tied-22L512d-b32-r64] step 11075 loss 3.6965 (1356922 tok/s)
[tied-22L512d-b32-r64] step 11100 loss 3.7085 (1356930 tok/s)
[tied-22L512d-b32-r64] step 11125 loss 3.6852 (1356940 tok/s)
[tied-22L512d-b32-r64] step 11150 loss 3.8023 (1356949 tok/s)
[tied-22L512d-b32-r64] step 11175 loss 3.7710 (1356959 tok/s)
[tied-22L512d-b32-r64] step 11200 loss 3.7086 (1356968 tok/s)
[tied-22L512d-b32-r64] step 11225 loss 3.7464 (1356978 tok/s)
[tied-22L512d-b32-r64] step 11250 loss 3.8734 (1356959 tok/s)
[tied-22L512d-b32-r64] step 11275 loss 3.7231 (1356969 tok/s)
[tied-22L512d-b32-r64] step 11300 loss 3.7925 (1356977 tok/s)
[tied-22L512d-b32-r64] step 11325 loss 3.7406 (1356986 tok/s)
[tied-22L512d-b32-r64] step 11350 loss 3.6187 (1356994 tok/s)
[tied-22L512d-b32-r64] step 11375 loss 3.6724 (1357004 tok/s)
[tied-22L512d-b32-r64] step 11400 loss 3.7539 (1357013 tok/s)
[tied-22L512d-b32-r64] step 11425 loss 3.6726 (1357022 tok/s)
[tied-22L512d-b32-r64] step 11450 loss 3.6799 (1356989 tok/s)
[tied-22L512d-b32-r64] step 11475 loss 3.6893 (1356999 tok/s)
[tied-22L512d-b32-r64] VAL 3.8967
[tied-22L512d-b32-r64] step 11500 loss 3.6301 (1356970 tok/s)
[tied-22L512d-b32-r64] step 11525 loss 3.6704 (1356978 tok/s)
[tied-22L512d-b32-r64] step 11550 loss 3.7950 (1356987 tok/s)
[tied-22L512d-b32-r64] step 11575 loss 3.7534 (1356996 tok/s)
[tied-22L512d-b32-r64] step 11600 loss 3.6633 (1357005 tok/s)
[tied-22L512d-b32-r64] step 11625 loss 3.6958 (1357014 tok/s)
[tied-22L512d-b32-r64] step 11650 loss 3.7638 (1357023 tok/s)
[tied-22L512d-b32-r64] step 11675 loss 3.6442 (1357032 tok/s)
[tied-22L512d-b32-r64] step 11700 loss 3.7585 (1357040 tok/s)
[tied-22L512d-b32-r64] step 11725 loss 3.8348 (1357049 tok/s)
[tied-22L512d-b32-r64] step 11750 loss 3.7176 (1357057 tok/s)
[tied-22L512d-b32-r64] step 11775 loss 3.6710 (1357066 tok/s)
[tied-22L512d-b32-r64] step 11800 loss 3.6334 (1357074 tok/s)
[tied-22L512d-b32-r64] step 11825 loss 3.9621 (1357083 tok/s)
[tied-22L512d-b32-r64] step 11850 loss 3.7016 (1357091 tok/s)
[tied-22L512d-b32-r64] step 11875 loss 3.7191 (1357099 tok/s)
[tied-22L512d-b32-r64] step 11900 loss 3.6833 (1357064 tok/s)
[tied-22L512d-b32-r64] step 11925 loss 3.8197 (1357073 tok/s)
[tied-22L512d-b32-r64] step 11950 loss 3.7505 (1357080 tok/s)
[tied-22L512d-b32-r64] step 11975 loss 3.6854 (1357089 tok/s)
[tied-22L512d-b32-r64] VAL 3.8953
[tied-22L512d-b32-r64] step 12000 loss 3.6261 (1357061 tok/s)
[tied-22L512d-b32-r64] step 12025 loss 3.7054 (1357069 tok/s)
[tied-22L512d-b32-r64] step 12050 loss 3.7553 (1357077 tok/s)
[tied-22L512d-b32-r64] step 12075 loss 3.7480 (1357084 tok/s)
[tied-22L512d-b32-r64] step 12100 loss 3.7268 (1357093 tok/s)
[tied-22L512d-b32-r64] step 12125 loss 3.7358 (1357101 tok/s)
[tied-22L512d-b32-r64] step 12150 loss 3.6984 (1357084 tok/s)
[tied-22L512d-b32-r64] step 12175 loss 3.7194 (1357093 tok/s)
[tied-22L512d-b32-r64] step 12200 loss 3.8827 (1357101 tok/s)
[tied-22L512d-b32-r64] step 12225 loss 3.6353 (1357109 tok/s)
[tied-22L512d-b32-r64] step 12250 loss 3.7397 (1357117 tok/s)
[tied-22L512d-b32-r64] step 12275 loss 3.7261 (1357125 tok/s)
[tied-22L512d-b32-r64] step 12300 loss 3.6885 (1357133 tok/s)
[tied-22L512d-b32-r64] step 12325 loss 3.6864 (1357141 tok/s)
[tied-22L512d-b32-r64] step 12350 loss 3.6871 (1357109 tok/s)
[tied-22L512d-b32-r64] step 12375 loss 3.7748 (1357112 tok/s)
[tied-22L512d-b32-r64] step 12400 loss 3.8135 (1357120 tok/s)
[tied-22L512d-b32-r64] step 12425 loss 3.7217 (1357128 tok/s)
[tied-22L512d-b32-r64] step 12450 loss 3.7542 (1357136 tok/s)
[tied-22L512d-b32-r64] step 12475 loss 3.6719 (1357145 tok/s)
[tied-22L512d-b32-r64] VAL 3.8950
[tied-22L512d-b32-r64] step 12500 loss 3.6248 (1357118 tok/s)
[tied-22L512d-b32-r64] step 12525 loss 3.7616 (1357126 tok/s)
[tied-22L512d-b32-r64] step 12550 loss 3.6881 (1357134 tok/s)
[tied-22L512d-b32-r64] step 12575 loss 3.6737 (1357142 tok/s)
[tied-22L512d-b32-r64] step 12600 loss 3.6483 (1357150 tok/s)
[tied-22L512d-b32-r64] step 12625 loss 3.6873 (1357158 tok/s)
[tied-22L512d-b32-r64] step 12650 loss 3.7841 (1357166 tok/s)
[tied-22L512d-b32-r64] step 12675 loss 3.6765 (1357174 tok/s)
[tied-22L512d-b32-r64] step 12700 loss 3.6244 (1357182 tok/s)
[tied-22L512d-b32-r64] step 12725 loss 3.7223 (1357190 tok/s)
[tied-22L512d-b32-r64] step 12750 loss 3.6023 (1357198 tok/s)
[tied-22L512d-b32-r64] step 12775 loss 3.7758 (1357206 tok/s)
[tied-22L512d-b32-r64] step 12800 loss 3.6098 (1357214 tok/s)
[tied-22L512d-b32-r64] step 12825 loss 3.7325 (1357180 tok/s)
[tied-22L512d-b32-r64] step 12850 loss 3.7632 (1357188 tok/s)
[tied-22L512d-b32-r64] step 12875 loss 3.7563 (1357195 tok/s)
[tied-22L512d-b32-r64] step 12900 loss 3.8013 (1357203 tok/s)
[tied-22L512d-b32-r64] step 12925 loss 3.6972 (1357210 tok/s)
[tied-22L512d-b32-r64] step 12950 loss 3.6110 (1357218 tok/s)
[tied-22L512d-b32-r64] step 12975 loss 3.7813 (1357226 tok/s)
[tied-22L512d-b32-r64] DONE
[tied-22L512d-b32-r64] DONE[tied-22L512d-b32-r64] DONE
[tied-22L512d-b32-r64] DONE

[tied-22L512d-b32-r64] DONE[tied-22L512d-b32-r64] DONE

[tied-22L512d-b32-r64] DONE
[tied-22L512d-b32-r64] VAL 3.8949
[tied-22L512d-b32-r64] DONE
wandb: updating run metadata
wandb: uploading output.log; uploading wandb-summary.json
wandb: 
wandb: Run history:
wandb:  train/loss ▄▅▆▅█▇▆▅▆▆▅▁▅▄▅▃▄▂▄▄▄▄▅▃▄▅▄▃▅▄▄▄▄▃▂▃▃▂▃▄
wandb:    train/lr ██████████▇▇▆▆▆▅▅▅▅▅▄▄▄▃▃▃▃▃▃▃▃▃▃▃▃▂▂▂▂▁
wandb: train/tok_s ▁▄▅▅▆▇▇▇▇▇▇▇████████████████████████████
wandb:    val/loss ████▇▇▆▅▅▄▃▃▂▂▂▂▂▁▁▁▁▁▁▁▁▁
wandb: 
wandb: Run summary:
wandb:  train/loss 3.78127
wandb:    train/lr 1e-05
wandb: train/tok_s 1357225.76629
wandb:    val/loss 3.8949
wandb: 
wandb: 🚀 View run tied-22L512d-b32-r64 at: https://wandb.ai/excelpro-excelpro/phic-midtrain/runs/wrn0f9eo
wandb: ⭐️ View project at: https://wandb.ai/excelpro-excelpro/phic-midtrain
wandb: Synced 5 W&B file(s), 0 media file(s), 0 artifact file(s) and 0 other file(s)
wandb: Find logs at: ./wandb/run-20260915_172557-wrn0f9eo/logs
[rank0]:[W915 18:49:47.399362401 ProcessGroupNCCL.cpp:1496] Warning: WARNING: destroy_process_group() was not called before program exit, which can leak resources. For more info, please see https://pytorch.org/docs/stable/distributed.html#shutdown (function operator())
